<6>[    0.000000,0] Initializing cgroup subsys cpuset
<6>[    0.000000,0] Initializing cgroup subsys cpu
<6>[    0.000000,0] Initializing cgroup subsys cpuacct
<5>[    0.000000,0] Linux version 3.10.108-lk.r17_rev (ghost@Predator) (gcc version 4.9.x 20150123 (prerelease) (GCC) ) #2 SMP PREEMPT Fri Apr 2 14:36:29 IST 2021
<4>[    0.000000,0] CPU: AArch64 Processor [410fd034] revision 4
<6>[    0.000000,0] Machine: Athene_16MP
<6>[    0.000000,0] cma: Found modem_region@0, memory base 0x0000000086c00000, size 86 MiB, limit 0xffffffffffffffff
<6>[    0.000000,0] cma: Found reloc_region@0, memory base 0x000000008c200000, size 24 MiB, limit 0xffffffffffffffff
<6>[    0.000000,0] cma: Found other_ext_region@0, memory base 0x0000000084f00000, size 25 MiB, limit 0xffffffffffffffff
<6>[    0.000000,0] cma: Found venus_region@0, memory base 0x0000000000000000, size 5 MiB, limit 0x0000000090000000
<6>[    0.000000,0] cma: Found secure_region@0, memory base 0x0000000000000000, size 109 MiB, limit 0xffffffffffffffff
<6>[    0.000000,0] cma: Found qseecom_region@0, memory base 0x0000000000000000, size 16 MiB, limit 0xffffffffffffffff
<6>[    0.000000,0] cma: Found splash_region@83000000, memory base 0x0000000083000000, size 20 MiB, limit 0xffffffffffffffff
<6>[    0.000000,0] cma: Found adsp_region@0, memory base 0x0000000000000000, size 4 MiB, limit 0xffffffffffffffff
<6>[    0.000000,0] cma: Found ramoops_mem_region, memory base 0x00000000ae000000, size 0 MiB, limit 0xffffffffffffffff
<6>[    0.000000,0] cma: Found tzlog_bck_region, memory base 0x00000000ae400000, size 0 MiB, limit 0xffffffffffffffff
<6>[    0.000000,0] cma: Found wdog_cpuctx_region, memory base 0x00000000ae800000, size 0 MiB, limit 0xffffffffffffffff
<6>[    0.000000,0] cma: CMA: reserved 86 MiB at 0x0000000086c00000 for modem_mem
<6>[    0.000000,0] cma: CMA: reserved 24 MiB at 0x000000008c200000 for reloc_mem
<6>[    0.000000,0] cma: CMA: reserved 25 MiB at 0x0000000084f00000 for other_ext_mem
<6>[    0.000000,0] cma: CMA: reserved 8 MiB at 0x000000008f800000 for venus_mem
<6>[    0.000000,0] cma: CMA: reserved 112 MiB at 0x00000000d9000000 for secure_mem
<6>[    0.000000,0] cma: CMA: reserved 16 MiB at 0x00000000d8000000 for qseecom_mem
<6>[    0.000000,0] cma: CMA: reserved 20 MiB at 0x0000000083000000 for cont_splash_mem
<6>[    0.000000,0] cma: CMA: reserved 4 MiB at 0x00000000d7c00000 for adsp_mem
<6>[    0.000000,0] cma: CMA: reserved 4 MiB at 0x00000000ae000000 for ramoops_mem
<6>[    0.000000,0] cma: CMA: reserved 4 MiB at 0x00000000ae400000 for tzlog_bck_mem
<6>[    0.000000,0] cma: CMA: reserved 4 MiB at 0x00000000ae800000 for wdog_cpuctx_mem
<6>[    0.000000,0] cma: CMA: reserved 16 MiB at 0x00000000d6c00000 for default region
<7>[    0.000000,0] On node 0 totalpages: 751872
<7>[    0.000000,0]   DMA zone: 10752 pages used for memmap
<7>[    0.000000,0]   DMA zone: 0 pages reserved
<7>[    0.000000,0]   DMA zone: 751872 pages, LIFO batch:31
<6>[    0.000000,0] psci: probing for conduit method from DT.
<6>[    0.000000,0] psci: PSCIv1.0 detected in firmware.
<6>[    0.000000,0] psci: Using standard PSCI v0.2 function IDs
<6>[    0.000000,0] psci: Initializing psco_cpu_init
<6>[    0.000000,0] psci: Initializing psco_cpu_init
<6>[    0.000000,0] psci: Initializing psco_cpu_init
<6>[    0.000000,0] psci: Initializing psco_cpu_init
<6>[    0.000000,0] psci: Initializing psco_cpu_init
<6>[    0.000000,0] psci: Initializing psco_cpu_init
<6>[    0.000000,0] psci: Initializing psco_cpu_init
<6>[    0.000000,0] PERCPU: Embedded 15 pages/cpu @ffffffc0b6a77000 s38272 r0 d23168 u61440
<7>[    0.000000,0] pcpu-alloc: s38272 r0 d23168 u61440 alloc=15*4096
<7>[    0.000000,0] pcpu-alloc: [0] 0 [0] 1 [0] 2 [0] 3 [0] 4 [0] 5 [0] 6 [0] 7 
<4>[    0.000000,0] Built 1 zonelists in Zone order, mobility grouping on.  Total pages: 741120
<5>[    0.000000,0] Kernel command line: boot_cpus=0,4,5,6,7 sched_enable_hmp=1 console=null androidboot.hardware=qcom msm_rtb.filter=0x237 ehci-hcd.park=3 androidboot.bootdevice=7824900.sdhci lpm_levels.sleep_disabled=1 androidboot.selinux=permissive loop.max_part=7 buildvariant=userdebug androidboot.emmc=true androidboot.serialno=ZY223WC9M3 androidboot.baseband=msm androidboot.mode=normal androidboot.device=athene_16mp androidboot.hwrev=0x82A0 androidboot.radio=India androidboot.powerup_reason=0x00004000 androidboot.bootreason=reboot msm_poweroff.download_mode=0 androidboot.fsg-id= androidboot.wifimacaddr=80:58:F8:A0:A4:61,80:58:F8:A0:A4:62 androidboot.btmacaddr=80:58:F8:A0:A4:60 mdss_mdp.panel=1:dsi:0:qcom,mdss_dsi_mot_boe_546_1080p_cmd_v0 androidboot.bootloader=0xB109 androidboot.carrier=retin androidboot.build_vars=white androidboot.hardware.sku=XT1643 androidboot.secure_hardware=1 androidboot.bl_state=2 androidboot.cid=0x32 androidboot.uid=432E880200000000000000000000 androidboot.write_pr<6>[    0.000000,0] PID hash table entries: 4096 (order: 3, 32768 bytes)
<6>[    0.000000,0] Dentry cache hash table entries: 524288 (order: 10, 4194304 bytes)
<6>[    0.000000,0] Inode-cache hash table entries: 262144 (order: 9, 2097152 bytes)
<6>[    0.000000,0] software IO TLB [mem 0xd2b00000-0xd2c00000] (1MB) mapped at [ffffffc0b2b00000-ffffffc0b2bfffff]
<4>[    0.000000,0] Memory: 2721796K/3007488K available (12165K kernel code, 1855K rwdata, 4788K rodata, 441K init, 5329K bss, 285692K reserved)
<5>[    0.000000,0] Virtual kernel memory layout:
<5>[    0.000000,0]     vmalloc : 0xffffff8000000000 - 0xffffffbbffff0000   (245759 MB)
<5>[    0.000000,0]     vmemmap : 0xffffffbc00700000 - 0xffffffbc03100000   (    42 MB)
<5>[    0.000000,0]     modules : 0xffffffbffc000000 - 0xffffffc000000000   (    64 MB)
<5>[    0.000000,0]     memory  : 0xffffffc000000000 - 0xffffffc0c0000000   (  3072 MB)
<5>[    0.000000,0]       .init : 0xffffffc001110000 - 0xffffffc00117e580   (   442 kB)
<5>[    0.000000,0]       .text : 0xffffffc000080000 - 0xffffffc00110f7a4   ( 16958 kB)
<5>[    0.000000,0]       .data : 0xffffffc00117f000 - 0xffffffc00134ee30   (  1856 kB)
<6>[    0.000000,0] SLUB: HWalign=64, Order=0-3, MinObjects=0, CPUs=8, Nodes=1
<6>[    0.000000,0] HMP scheduling enabled.
<6>[    0.000000,0] Preemptible hierarchical RCU implementation.
<6>[    0.000000,0] 	RCU dyntick-idle grace-period acceleration is enabled.
<6>[    0.000000,0] 	Dump stacks of tasks blocking RCU-preempt GP.
<6>[    0.000000,0] NR_IRQS:64 nr_irqs:64 0
<6>[    0.000000,0] Architected cp15 and mmio timer(s) running at 19.20MHz (virt/virt).
<6>[    0.000000,0] sched_clock: 56 bits at 19MHz, resolution 52ns, wraps every 3579139424256ns
<6>[    0.000553,0] Calibrating delay loop (skipped), value calculated using timer frequency.. 38.40 BogoMIPS (lpj=76800)
<6>[    0.000566,0] pid_max: default: 32768 minimum: 301
<6>[    0.000764,0] Security Framework initialized
<6>[    0.000779,0] SELinux:  Initializing.
<7>[    0.000847,0] SELinux:  Starting in permissive mode
<6>[    0.000937,0] Mount-cache hash table entries: 256
<6>[    0.042993,0] Initializing cgroup subsys freezer
<6>[    0.043525,0] CPU0: update cpu_power 1182
<6>[    0.043538,0] hw perfevents: enabled with arm/armv8-pmuv3 PMU driver, 6 counters available
<6>[    0.044814,0] MSM Memory Dump base table set up
<6>[    0.044833,0] MSM Memory Dump apps data table set up
<6>[    0.046516,0] cpu_clock_a53_init_little: A53 Power clocks configured
<6>[    0.047401,4] CPU4: update cpu_power 865
<6>[    0.048426,5] CPU5: update cpu_power 865
<6>[    0.049299,6] CPU6: update cpu_power 865
<6>[    0.050186,7] CPU7: update cpu_power 865
<6>[    0.050350,0] Brought up 5 CPUs
<6>[    0.050377,0] SMP: Total of 5 processors activated.
<6>[    0.068704,0] pinctrl core: initialized pinctrl subsystem
<6>[    0.068970,0] regulator-dummy: no parameters
<6>[    0.074234,0] NET: Registered protocol family 16
<6>[    0.078197,5] DMA: preallocated 256 KiB pool for atomic allocations
<6>[    0.164211,5] cma: Assigned CMA region at 0 to b017000.qcom,wdt device
<6>[    0.164454,5] msm_watchdog b017000.qcom,wdt: wdog absent resource not present
<6>[    0.167064,5] msm_watchdog b017000.qcom,wdt: MSM Watchdog Initialized
<6>[    0.172203,4] cma: Assigned CMA region at 0 to c200000.qcom,lpass device
<3>[    0.172674,4] spmi_pmic_arb 200f000.qcom,spmi: PMIC Arb Version-2 0x20010000
<6>[    0.183902,4] cma: Assigned CMA region at 0 to 1de0000.qcom,venus device
<6>[    0.184625,4] cma: Assigned CMA region at 0 to 8600720.tz-log device
<6>[    0.186092,4] cma: Assigned CMA region at 0 to a21b000.qcom,pronto device
<6>[    0.187739,4] cma: Assigned CMA region at 0 to 4080000.qcom,mss device
<6>[    0.191562,4] cma: Assigned CMA region at 0 to qcom,adsprpc-mem.90 device
<6>[    0.192336,4] ACC: mem_acc_efuse_init: efuse_addr = 0x000000000005c000 (len=0x1000)
<6>[    0.192555,4] mem_acc_corner: 0 <--> 0 mV 
<6>[    0.197357,4] cma: Assigned CMA region at 0 to ramoops.97 device
<6>[    0.197463,4] persistent_ram: paddr: 00000000ae000000, vaddr: ffffff800005e000, buf size = 0x1fff4
<6>[    0.217636,4] persistent_ram: paddr: 00000000ae020000, vaddr: ffffff80003ae000, buf size = 0x3fff4
<6>[    0.244617,4] persistent_ram: paddr: 00000000ae060000, vaddr: ffffff80003ef000, buf size = 0x7f4
<6>[    0.245892,4] console [pstore-1] enabled
<6>[    0.245907,4] pstore: psi registered
<6>[    0.245927,4] ramoops: attached 0x80000@0xae000000, ecc: 0/0
<6>[    0.248672,4] vdso: 2 pages (1 code, 1 data) at base ffffffc000c5e000
<3>[    0.249119,4] msm_mpm_dev_probe(): Cannot get clk resource for XO: -517
<3>[    0.252527,0] smd_channel_probe_now: allocation table not initialized
<3>[    0.253504,5] smd_channel_probe_now: allocation table not initialized
<3>[    0.254433,5] smd_channel_probe_now: allocation table not initialized
<6>[    0.259623,4] pm8950_s5: 1050 <--> 1350 mV at 1225 mV normal idle 
<6>[    0.259860,4] spm_regulator_probe: name=pm8950_s5, range=LV, voltage=1225000 uV, mode=PWM, step rate=1200 uV/us
<6>[    0.260725,4] cpr_efuse_init: apc_corner: efuse_addr = 0x000000000005c000 (len=0x1000)
<6>[    0.260802,4] cpr_read_fuse_revision: apc_corner: fuse revision = 3
<6>[    0.260837,4] cpr_parse_speed_bin_fuse: apc_corner: [row: 1]: 0x6020792502882e43, speed_bits = 1
<6>[    0.261045,4] cpr_adjust_init_voltages: apc_corner: adjusted initial voltage[3]: 1300000 -> 1315000 uV
<6>[    0.261075,4] cpr_pvs_init: apc_corner: pvs voltage: [1050000 1205000 1315000] uV
<6>[    0.261100,4] cpr_pvs_init: apc_corner: ceiling voltage: [1050000 1225000 1350000] uV
<6>[    0.261124,4] cpr_pvs_init: apc_corner: floor voltage: [1050000 1050000 1130000] uV
<6>[    0.269454,4] cpu-clock-8939 b111050.qcom,cpu-clock-8939: No PVS version available. Defaulting to 0!
<6>[    0.269486,4] cpu-clock-8939 b111050.qcom,cpu-clock-8939: Speed bin: 1 PVS Version: 0
<6>[    0.282987,4] msm_thermal:vdd_restriction_reg_init Defer regulator vdd-dig probe
<3>[    0.283017,4] msm_thermal:probe_vdd_rstr Err regulator init. err:-517. KTM continues.
<6>[    0.283050,4] msm-thermal qcom,msm-thermal.56: probe_vdd_rstr:Failed reading node=/soc/qcom,msm-thermal, key=qcom,freq-req. err=-517. KTM continues
<3>[    0.283074,4] msm_thermal:msm_thermal_dev_probe Failed reading node=/soc/qcom,msm-thermal, key=qcom,freq-control-list. err:-517
<6>[    0.284560,4] sps:sps is ready.
<3>[    0.286342,5] msm_mpm_dev_probe(): Cannot get clk resource for XO: -517
<6>[    0.287539,5] pm8950_s1: 1000 <--> 1225 mV at 1000 mV normal idle 
<6>[    0.288271,5] pm8950_s2_level: 0 <--> 0 mV normal idle 
<6>[    0.288807,5] pm8950_s2_floor_level: 0 <--> 0 mV normal idle 
<6>[    0.289310,5] pm8950_s2_level_ao: 0 <--> 0 mV normal idle 
<6>[    0.290008,5] pm8950_s3: 1300 mV normal idle 
<6>[    0.290722,5] pm8950_s4: 2050 mV normal idle 
<6>[    0.291439,5] pm8950_l2: 1200 mV normal idle 
<6>[    0.292119,5] pm8950_l3_level_ao: 0 <--> 0 mV normal idle 
<6>[    0.292661,5] pm8950_l3_level_so: 0 <--> 0 mV at 0 mV normal idle 
<6>[    0.293330,5] pm8950_l5: 1800 mV normal idle 
<6>[    0.294043,5] pm8950_l6: 1800 mV normal idle 
<6>[    0.294754,5] pm8950_l7: 1800 mV normal idle 
<6>[    0.295284,5] pm8950_l7_ao: 1800 mV normal idle 
<6>[    0.295962,5] pm8950_l8: 2850 <--> 2900 mV at 2900 mV normal idle 
<6>[    0.296689,5] pm8950_l9: 3000 <--> 3300 mV at 3000 mV normal idle 
<6>[    0.297367,5] pm8950_l10: 1800 <--> 2800 mV at 1800 mV normal idle 
<6>[    0.298074,5] pm8950_l11: 2950 mV normal idle 
<6>[    0.298789,5] pm8950_l12: 1800 <--> 2950 mV at 1800 mV normal idle 
<6>[    0.299517,5] pm8950_l13: 3075 mV normal idle 
<6>[    0.300202,5] pm8950_l14: 1800 <--> 3300 mV at 1800 mV normal idle 
<6>[    0.300903,5] pm8950_l15: 1800 <--> 3300 mV at 1800 mV normal idle 
<6>[    0.301605,5] pm8950_l16: 1800 mV normal idle 
<6>[    0.302299,5] pm8950_l17: 2850 mV normal idle 
<6>[    0.303013,5] pm8950_l19: 1225 <--> 1350 mV at 1225 mV normal idle 
<6>[    0.303693,5] pm8950_l22: 2850 mV normal idle 
<6>[    0.304392,5] pm8950_l23: 1200 mV normal idle 
<6>[    0.305065,5] rpm_apc: 0 <--> 0 mV normal idle 
<6>[    0.305642,5] cpr_efuse_init: apc_corner: efuse_addr = 0x000000000005c000 (len=0x1000)
<6>[    0.305720,5] cpr_read_fuse_revision: apc_corner: fuse revision = 3
<6>[    0.305755,5] cpr_parse_speed_bin_fuse: apc_corner: [row: 1]: 0x6020792502882e43, speed_bits = 1
<6>[    0.305961,5] cpr_adjust_init_voltages: apc_corner: adjusted initial voltage[3]: 1300000 -> 1315000 uV
<6>[    0.305991,5] cpr_pvs_init: apc_corner: pvs voltage: [1050000 1205000 1315000] uV
<6>[    0.306016,5] cpr_pvs_init: apc_corner: ceiling voltage: [1050000 1225000 1350000] uV
<6>[    0.306038,5] cpr_pvs_init: apc_corner: floor voltage: [1050000 1050000 1130000] uV
<6>[    0.306406,5] cpr_init_cpr_parameters: apc_corner: up threshold = 2, down threshold = 4
<6>[    0.306515,5] cpr_init_cpr_parameters: apc_corner: CPR is enabled by default.
<6>[    0.306583,5] cpr_init_cpr_efuse: apc_corner: [row:27] = 0x248fae04a68949a5
<6>[    0.306632,5] cpr_init_cpr_efuse: apc_corner: Corner[1]: ro_sel = 2, target quot = 1003
<6>[    0.306657,5] cpr_init_cpr_efuse: apc_corner: Corner[2]: ro_sel = 2, target quot = 1190
<6>[    0.306682,5] cpr_init_cpr_efuse: apc_corner: Corner[3]: ro_sel = 2, target quot = 1318
<6>[    0.306757,5] cpr_adjust_target_quots: apc_corner: Corner[2]: adjusted target quot = 1206
<6>[    0.306787,5] cpr_adjust_target_quots: apc_corner: Corner[3]: adjusted target quot = 1392
<6>[    0.306961,5] cpr_get_corner_quot_adjustment: apc_corner: fuse corner 2 quotient adjustment scaling factor: 0.240
<6>[    0.306985,5] cpr_get_corner_quot_adjustment: apc_corner: fuse corner 3 quotient adjustment scaling factor: 1.081
<6>[    0.307056,5] cpr_virtual_corner_quot_adjust: apc_corner: corner=4 adjusted quotient=1228
<6>[    0.307084,5] cpr_virtual_corner_quot_adjust: apc_corner: corner=5 adjusted quotient=1288
<6>[    0.307132,5] cpr_get_corner_quot_adjustment: apc_corner: adjusted quotient[1] = 1003
<6>[    0.307152,5] cpr_get_corner_quot_adjustment: apc_corner: adjusted quotient[2] = 1077
<6>[    0.307172,5] cpr_get_corner_quot_adjustment: apc_corner: adjusted quotient[3] = 1114
<6>[    0.307191,5] cpr_get_corner_quot_adjustment: apc_corner: adjusted quotient[4] = 1228
<6>[    0.307211,5] cpr_get_corner_quot_adjustment: apc_corner: adjusted quotient[5] = 1288
<6>[    0.307231,5] cpr_get_corner_quot_adjustment: apc_corner: adjusted quotient[6] = 1310
<6>[    0.307251,5] cpr_get_corner_quot_adjustment: apc_corner: adjusted quotient[7] = 1392
<6>[    0.307269,5] cpr_get_corner_quot_adjustment: apc_corner: adjusted quotient[8] = 1392
<6>[    0.307393,5] cpr_fill_override_voltage: apc_corner: floor override voltage: [1050000 1050000 1050000 1050000 1050000 1130000 1155000 1155000] uV
<6>[    0.307593,5] cpr_init_floor_to_ceiling_range: apc_corner: Final floor override voltages: [1050000 1080000 1105000 1130000 1175000 1220000 1265000 1265000] uV
<6>[    0.307630,5] cpr_config: apc_corner: Timer count: 0x17700 (for 5000 us)
<6>[    0.308131,5] apc_corner: 0 <--> 0 mV 
<6>[    0.309439,5] qcom,gcc-8952 1800000.qcom,gcc: clock_thermal_init
<6>[    0.336318,5] qcom,gcc-spm-8952 b111200.qcom,spm: Registered GCC SPM clocks
<6>[    0.336546,5] qcom,gcc-8952 1800000.qcom,gcc: Registered GCC clocks
<6>[    0.336692,5] cpu-clock-8939 b111050.qcom,cpu-clock-8939: No PVS version available. Defaulting to 0!
<6>[    0.336720,5] cpu-clock-8939 b111050.qcom,cpu-clock-8939: Speed bin: 1 PVS Version: 0
<6>[    0.341850,5] msm_thermal:sensor_mgr_init_threshold threshold id already initialized
<6>[    0.349249,5] msm_thermal:vdd_restriction_reg_init Defer vdd rstr freq init.
<6>[    0.371611,5] bio: create slab <bio-0> at 0
<3>[    0.373080,5] qcom,qpnp-pin qpnp-pin-5: qpnp_pin_probe: no device nodes specified in topology
<4>[    0.373114,5] qcom,qpnp-pin: probe of qpnp-pin-5 failed with error -22
<3>[    0.373195,5] qcom,qpnp-pin qpnp-pin-15: qpnp_pin_probe: no device nodes specified in topology
<4>[    0.373224,5] qcom,qpnp-pin: probe of qpnp-pin-15 failed with error -22
<6>[    0.374996,5] KPI: Bootloader start count = 69719
<6>[    0.375020,5] KPI: Bootloader end count = 315210
<6>[    0.375038,5] KPI: Bootloader display count = 261349757
<6>[    0.375055,5] KPI: Bootloader load kernel count = 5581
<6>[    0.375073,5] KPI: Kernel MPM timestamp = 334717
<6>[    0.375089,5] KPI: Kernel MPM Clock frequency = 32768
<6>[    0.375132,5] socinfo_print: v10, id=264, ver=1.1, raw_id=2418, raw_ver=1, hw_plat=8, hw_plat_ver=65536
<6>[    0.375132,5]  accessory_chip=0, hw_plat_subtype=0, pmic_model=65552, pmic_die_revision=131072 foundry_id=2 serial_number=42479171
<6>[    0.376267,5] vddio_disp: no parameters
<6>[    0.376408,5] vddio_disp: supplied by pm8950_l6
<6>[    0.376932,5] vgaarb: loaded
<5>[    0.378069,5] SCSI subsystem initialized
<6>[    0.378963,5] usbcore: registered new interface driver usbfs
<6>[    0.379025,5] usbcore: registered new interface driver hub
<6>[    0.379274,5] usbcore: registered new device driver usb
<6>[    0.379952,5] gdsc_venus: no parameters
<6>[    0.380505,5] gdsc_mdss: no parameters
<6>[    0.380997,5] gdsc_jpeg: no parameters
<6>[    0.381864,5] gdsc_vfe: no parameters
<6>[    0.382673,5] gdsc_vfe1: no parameters
<6>[    0.383196,5] gdsc_cpp: no parameters
<6>[    0.383738,5] gdsc_oxili_gx: no parameters
<6>[    0.384169,5] gdsc_venus_core0: fast normal 
<6>[    0.384552,5] gdsc_venus_core1: fast normal 
<6>[    0.386539,5] mdss_pll_probe: MDSS pll label = MDSS DSI 0 PLL
<6>[    0.386613,5] mdss_pll_util_resource_parse: dfps not enabled!
<6>[    0.387649,5] dsi_pll_clock_register_lpm: Registered DSI PLL clocks successfully
<6>[    0.390486,5] i2c-msm-v2 78b7000.i2c: probing driver i2c-msm-v2
<3>[    0.390713,5] AXI: msm_bus_scale_register_client(): msm_bus_scale_register_client: Bus driver not ready.
<6>[    0.390740,5] i2c-msm-v2 78b7000.i2c: msm_bus_scale_register_client(mstr-id:86):0 (not a problem)
<6>[    0.392211,5] i2c-msm-v2 78b6000.i2c: probing driver i2c-msm-v2
<3>[    0.392428,5] AXI: msm_bus_scale_register_client(): msm_bus_scale_register_client: Bus driver not ready.
<6>[    0.392455,5] i2c-msm-v2 78b6000.i2c: msm_bus_scale_register_client(mstr-id:86):0 (not a problem)
<6>[    0.393481,5] i2c-msm-v2 78b8000.i2c: probing driver i2c-msm-v2
<3>[    0.393697,5] AXI: msm_bus_scale_register_client(): msm_bus_scale_register_client: Bus driver not ready.
<6>[    0.393723,5] i2c-msm-v2 78b8000.i2c: msm_bus_scale_register_client(mstr-id:86):0 (not a problem)
<6>[    0.394620,5] media: Linux media interface: v0.10
<6>[    0.394699,5] Linux video capture interface: v2.00
<6>[    0.394884,5] BATTERY: batterydata_init: Battery-data device created!
<6>[    0.394925,5] EDAC MC: Ver: 3.0.0
<6>[    0.399090,5] cpufreq: driver msm up and running
<6>[    0.399480,0] cma: Assigned CMA region at 0 to 8.qcom,ion-heap device
<3>[    0.399585,0] ION-heap mm: Cannot specify alignment for this type of heap
<6>[    0.399656,0] cma: Assigned CMA region at 0 to 1b.qcom,ion-heap device
<6>[    0.399777,0] cma: Assigned CMA region at 0 to 17.qcom,ion-heap device
<6>[    0.399889,0] cma: Assigned CMA region at 0 to 1a.qcom,ion-heap device
<6>[    0.400019,0] ION heap system created
<6>[    0.400153,0] ION heap mm created at 0x00000000d9000000 with size 6d00000
<6>[    0.400163,0] ION heap qsecom created at 0x00000000d8000000 with size 1000000
<6>[    0.400172,0] ION heap pil_1 created at 0x000000008c200000 with size 1800000
<6>[    0.400180,0] ION heap pil_2 created at 0x0000000086c00000 with size 5600000
<3>[    0.400615,0] msm_bus_fabric_init_driver
<3>[    0.400793,0] msm_bus_device 580000.ad-hoc-bus: Dev 0
<3>[    0.400959,0] msm_bus_device 580000.ad-hoc-bus: Dev 4096
<3>[    0.401064,0] msm_bus_device 580000.ad-hoc-bus: Dev 1024
<3>[    0.401164,0] msm_bus_device 580000.ad-hoc-bus: Dev 2048
<6>[    0.406057,0] msm_bus_init_clk: Valid node clk node 0 ctx 0
<6>[    0.406062,0] msm_bus_init_clk: Valid node clk node 0 ctx 1
<6>[    0.406102,0] msm_bus_init_clk: Valid node clk node 4096 ctx 0
<6>[    0.406108,0] msm_bus_init_clk: Valid node clk node 4096 ctx 1
<6>[    0.406143,0] msm_bus_init_clk: Valid node clk node 1024 ctx 0
<6>[    0.406148,0] msm_bus_init_clk: Valid node clk node 1024 ctx 1
<6>[    0.406181,0] msm_bus_init_clk: Valid node clk node 2048 ctx 0
<6>[    0.406186,0] msm_bus_init_clk: Valid node clk node 2048 ctx 1
<3>[    0.411053,0] ipa ipa_uc_state_check:292 uC interface not initialized
<3>[    0.411064,0] ipa ipa_sps_irq_control_all:879 EP (2) not allocated.
<3>[    0.411069,0] ipa ipa_sps_irq_control_all:879 EP (5) not allocated.
<6>[    0.412013,0] sps:BAM 0x0000000007904000 is registered.
<6>[    0.412526,0] sps:BAM 0x0000000007904000 (va:0xffffff8001740000) enabled: ver:0x27, number of pipes:20
<6>[    0.418103,0] IPA driver initialization was successful.
<6>[    0.418532,0] PMIC@SID0: PM8950 v2.0 options: 0, 2, 0, 0
<6>[    0.418630,0] PMIC@SID2: PMI8950 v2.0 options: 0, 0, 0, 0
<6>[    0.418859,0] msm_iommu 1f00000.qcom,iommu: device gfx_iommu (model: 500) mapped at ffffff8001720000, with 3 ctx banks
<6>[    0.419435,0] msm_iommu 1e00000.qcom,iommu: device apps_iommu (model: 500) mapped at ffffff8001c00000, with 17 ctx banks
<6>[    0.422589,0] msm_iommu_ctx 1f08000.qcom,iommu-ctx: context gfx3d_user using bank 0
<6>[    0.422683,0] msm_iommu_ctx 1f09000.qcom,iommu-ctx: context gfx3d_secure using bank 1
<6>[    0.422770,0] msm_iommu_ctx 1f0b000.qcom,iommu-ctx: context gfx3d_priv using bank 3
<6>[    0.422857,0] msm_iommu_ctx 1e22000.qcom,iommu-ctx: context venus_fw using bank 2
<6>[    0.422943,0] msm_iommu_ctx 1e23000.qcom,iommu-ctx: context venus_sec_bitstream using bank 3
<6>[    0.423029,0] msm_iommu_ctx 1e24000.qcom,iommu-ctx: context venus_sec_pixel using bank 4
<6>[    0.423121,0] msm_iommu_ctx 1e25000.qcom,iommu-ctx: context venus_sec_non_pixel using bank 5
<6>[    0.423213,0] msm_iommu_ctx 1e26000.qcom,iommu-ctx: context mdp_1 using bank 6
<6>[    0.423301,0] msm_iommu_ctx 1e2f000.qcom,iommu-ctx: context adsp_io using bank 15
<6>[    0.423390,0] msm_iommu_ctx 1e30000.qcom,iommu-ctx: context adsp_opendsp using bank 16
<6>[    0.423475,0] msm_iommu_ctx 1e32000.qcom,iommu-ctx: context lpass_stream using bank 18
<6>[    0.423559,0] msm_iommu_ctx 1e33000.qcom,iommu-ctx: context cpp using bank 19
<6>[    0.423649,0] msm_iommu_ctx 1e34000.qcom,iommu-ctx: context jpeg_enc0 using bank 20
<6>[    0.423733,0] msm_iommu_ctx 1e35000.qcom,iommu-ctx: context vfe using bank 21
<6>[    0.423819,0] msm_iommu_ctx 1e36000.qcom,iommu-ctx: context venus_ns using bank 22
<6>[    0.423903,0] msm_iommu_ctx 1e37000.qcom,iommu-ctx: context mdp_0 using bank 23
<6>[    0.423990,0] msm_iommu_ctx 1e38000.qcom,iommu-ctx: context pronto_buf using bank 24
<6>[    0.424078,0] msm_iommu_ctx 1e39000.qcom,iommu-ctx: context ipa_shared using bank 25
<6>[    0.424165,0] msm_iommu_ctx 1e3a000.qcom,iommu-ctx: context ipa_wlan using bank 26
<6>[    0.424252,0] msm_iommu_ctx 1e3b000.qcom,iommu-ctx: context ipa_uc using bank 27
<6>[    0.424929,0] Advanced Linux Sound Architecture Driver Initialized.
<6>[    0.425589,0] Bluetooth: ffffffc0b2027da0
<6>[    0.425619,0] NET: Registered protocol family 31
<6>[    0.425625,0] Bluetooth: ffffffc0b2027da0
<6>[    0.425633,0] Bluetooth: ffffffc0b2027d80Bluetooth: ffffffc0b2027d70
<6>[    0.425656,0] Bluetooth: ffffffc0b2027d70<6>[    0.425798,0] cfg80211: Calling CRDA to update world regulatory domain
<6>[    0.425814,0] cfg80211: World regulatory domain updated:
<6>[    0.425819,0] cfg80211:   (start_freq - end_freq @ bandwidth), (max_antenna_gain, max_eirp)
<6>[    0.425824,0] cfg80211:   (2402000 KHz - 2472000 KHz @ 40000 KHz), (300 mBi, 2000 mBm)
<6>[    0.425830,0] cfg80211:   (2457000 KHz - 2482000 KHz @ 40000 KHz), (300 mBi, 2000 mBm)
<6>[    0.425835,0] cfg80211:   (2474000 KHz - 2494000 KHz @ 20000 KHz), (300 mBi, 2000 mBm)
<6>[    0.425841,0] cfg80211:   (5170000 KHz - 5250000 KHz @ 80000 KHz), (300 mBi, 2000 mBm)
<6>[    0.425846,0] cfg80211:   (5250000 KHz - 5330000 KHz @ 80000 KHz), (300 mBi, 2000 mBm)
<6>[    0.425852,0] cfg80211:   (5490000 KHz - 5710000 KHz @ 80000 KHz), (300 mBi, 2000 mBm)
<6>[    0.425857,0] cfg80211:   (5735000 KHz - 5835000 KHz @ 80000 KHz), (300 mBi, 2000 mBm)
<6>[    0.425862,0] cfg80211:   (57240000 KHz - 63720000 KHz @ 2160000 KHz), (N/A, 0 mBm)
<6>[    0.426327,0] ibb_reg: 4600 <--> 6000 mV at 5500 mV 
<6>[    0.426503,0] lab_reg: 4600 <--> 6000 mV at 5500 mV 
<6>[    0.427707,5] Switching to clocksource arch_sys_counter
<6>[    0.441450,0] bcl_peripheral:bcl_perph_init BCL Initialized
<6>[    0.442627,0] NET: Registered protocol family 2
<6>[    0.443016,0] TCP established hash table entries: 32768 (order: 7, 524288 bytes)
<6>[    0.443352,0] TCP bind hash table entries: 32768 (order: 7, 524288 bytes)
<6>[    0.443720,0] TCP: Hash tables configured (established 32768 bind 32768)
<6>[    0.443797,0] TCP: reno registered
<6>[    0.443807,0] UDP hash table entries: 2048 (order: 4, 65536 bytes)
<6>[    0.443866,0] UDP-Lite hash table entries: 2048 (order: 4, 65536 bytes)
<6>[    0.444084,0] NET: Registered protocol family 1
<7>[    0.444102,0] PCI: CLS 0 bytes, default 64
<6>[    0.445303,0] gcc-mdss-8952 qcom,gcc-mdss.48: Registered GCC MDSS clocks.
<6>[    0.445839,0] Trying to unpack rootfs image as initramfs...
<6>[    0.502395,0] Freeing initrd memory: 2180K
<5>[    0.506050,0] Initialise system trusted keyring
<4>[    0.506388,0] error setting kswapd cpu affinity mask
<6>[    0.508788,0] [SDFAT] Filesystem version 2.1.8-lineage
<6>[    0.508869,0] Registering sdcardfs 0.1
<6>[    0.508998,0] NTFS driver 2.1.30 [Flags: R/W].
<6>[    0.509080,0] fuse init (API version 7.23)
<7>[    0.509302,0] SELinux:  Registering netfilter hooks
<5>[    0.511317,0] Key type asymmetric registered
<5>[    0.511323,0] Asymmetric key parser 'x509' registered
<6>[    0.511385,0] Block layer SCSI generic (bsg) driver version 0.4 loaded (major 247)
<6>[    0.511392,0] io scheduler noop registered
<6>[    0.511437,0] io scheduler cfq registered (default)
<3>[    0.514068,0] msm_dss_get_res_byname: 'vbif_nrt_phys' resource not found
<3>[    0.514083,0] mdss_mdp_probe+0x210/0xd38->msm_dss_ioremap_byname: 'vbif_nrt_phys' msm_dss_get_res_byname failed
<4>[    0.514093,0] mdss_mdp_parse_dt_hw_settings: MDSS VBIF settings not found
<6>[    0.514135,0] mdss_mdp_pipe_addr_setup: type:1 ftchid:1 xinid:0 num:0 ndx:0x1 prio:0
<6>[    0.514146,0] mdss_mdp_pipe_addr_setup: type:2 ftchid:7 xinid:1 num:3 ndx:0x8 prio:1
<6>[    0.514152,0] mdss_mdp_pipe_addr_setup: type:2 ftchid:8 xinid:5 num:4 ndx:0x10 prio:2
<6>[    0.514163,0] mdss_mdp_pipe_addr_setup: type:3 ftchid:4 xinid:2 num:6 ndx:0x40 prio:3
<3>[    0.514180,0] mdss_mdp_parse_dt_handler: Error from prop qcom,mdss-pipe-sw-reset-off : u32 array read
<6>[    0.514202,0] mdss_mdp_pipe_addr_setup: type:4 ftchid:-1 xinid:7 num:10 ndx:0x400 prio:0
<6>[    0.514206,0] mdss_mdp_parse_dt_pipe: dedicated vp cursors detected, num=1
<3>[    0.514285,0] mdss_mdp_parse_dt_handler: Error from prop qcom,mdss-ib-factor-overlap : u32 array read
<6>[    0.514299,0] mdss_mdp_parse_dt_prop_len: prop qcom,mdss-clk-levels : doesn't exist in device tree
<6>[    0.514380,0] mdss_mdp_parse_dt_prop_len: prop qcom,mdss-ad-off : doesn't exist in device tree
<6>[    0.514405,0] mdss_mdp_parse_dt_prop_len: prop qcom,mdss-dsc-off : doesn't exist in device tree
<3>[    0.514771,0] mdss_mdp_irq_clk_register: unable to get clk: tbu_rt_clk
<3>[    0.514779,0] mdss_mdp_irq_clk_register: unable to get clk: lut_clk
<3>[    0.515053,0] register_client_adhoc:Failed to find path.src 36 dest 627
<4>[    0.515058,0] mdss_mdp_bus_scale_register: reg_bus_client register failed
<6>[    0.515244,0] xlog_status: enable:0, panic:1, dump:2
<6>[    0.516037,0] mdss_mdp_probe: mdss version = 0x100c0000, bootloader display is on
<6>[    0.517404,0] mdss_dsi_ctrl_probe: DSI Ctrl name = MDSS DSI CTRL->0
<6>[    0.517634,0] mdss_panel_parse_panel_config_dt: BL: panel=mipi_mot_cmd_boe_1080p_546, manufacture_id(0xDA)= 0xC2 controller_ver(0xDB)= 0x10 controller_drv_ver(0XDC)= 0x01, full=0x00000000000110C2
<6>[    0.517649,0] mdss_dsi_panel_init: Panel Name = mipi_mot_cmd_boe_1080p_546_v0
<6>[    0.517784,0] mdss_dsi_panel_timing_from_dt: found new timing "qcom,mdss_dsi_mot_boe_546_1080p_cmd_v0" (ffffffc0b2027560)
<3>[    0.517799,0] mdss_dsi_parse_dcs_cmds: failed, key=qcom,mdss-dsi-post-panel-on-command
<3>[    0.517808,0] mdss_dsi_parse_dcs_cmds: failed, key=qcom,mdss-dsi-timing-switch-command
<6>[    0.517908,0] mdss_dsi_parse_panel_features: partial_update_enabled=1
<6>[    0.517921,0] mdss_dsi_parse_panel_features: ulps feature disabled
<6>[    0.517928,0] mdss_dsi_parse_panel_features: ulps during suspend feature disabled
<6>[    0.517936,0] mdss_dsi_parse_dms_config: dynamic switch feature enabled: 0
<3>[    0.517983,0] mdss_dsi_parse_panel_features:2122, Disp_en gpio not specified
<6>[    0.518019,0] mdss_panel_parse_param_prop: HBM feature enabled with 2 dt cmds
<6>[    0.518023,0] mdss_panel_parse_param_prop: HBM type = 1
<6>[    0.518045,0] mdss_panel_parse_param_prop: CABC feature enabled with 3 dt cmds
<3>[    0.518190,0] mdss_dsi_parse_gpio_params:3229, Disp_en gpio not specified
<6>[    0.518203,0] mdss_dsi_parse_gpio_params: bklt_en gpio not specified
<6>[    0.518211,0] mdss_dsi_parse_gpio_params:3254, mode gpio not specified
<6>[    0.518315,0] mdss_dsi_retrieve_ctrl_resources: ctrl_base=ffffff80014f8000 ctrl_size=25c phy_base=ffffff80014fa500 phy_size=280
<6>[    0.518321,0] mdss_dsi_retrieve_ctrl_resources: phy_regulator_base=ffffff80014fc780 phy_regulator_size=30
<6>[    0.518884,0] dsi_panel_device_register: Continuous splash enabled
<6>[    0.539469,0] mdss_register_panel: adding framebuffer device 1a98000.qcom,mdss_dsi_ctrl0
<6>[    0.540234,0] mdss_dsi_status_init: DSI status check interval:4000
<6>[    0.540401,0] mdss_register_panel: adding framebuffer device qcom,mdss_wb_panel.4
<6>[    0.541353,0] mdss_fb_register: FrameBuffer[0] 1080x1920 registered successfully!
<4>[    0.541385,0] mdss_mdp_overlay_init: mdss_mdp_overlay_init: unable to add event timer
<6>[    0.541693,0] mdss_fb_register: FrameBuffer[1] 1280x720 registered successfully!
<4>[    0.541724,0] mdss_mdp_overlay_init: mdss_mdp_overlay_init: unable to add event timer
<3>[    0.541747,0] mdss_mdp_splash_parse_dt: splash mem child node is not present
<6>[    0.541983,0] kcal_ctrl_init: registered
<6>[    0.542211,0] adsp_audio qcom,msmapr-audio.92: apr_probe: destination is ADSP
<3>[    0.543442,0] IPC_RTR: msm_ipc_router_smd_driver_register Already driver registered IPCRTR
<3>[    0.543461,0] IPC_RTR: msm_ipc_router_smd_driver_register Already driver registered IPCRTR
<5>[    0.544522,0] msm_rpm_log_probe: OK
<6>[    0.545915,0] NET: Registered protocol family 27
<6>[    0.547255,0] In memshare_probe, Memshare probe success
<3>[    0.548468,0] subsys-pil-tz c200000.qcom,lpass: [adsp]: Error getting proxy unvoting gpio
<3>[    0.549293,0] subsys-pil-tz a21b000.qcom,pronto: [wcnss]: Error getting proxy unvoting gpio
<3>[    0.550502,4] pil-q6v5-mss 4080000.qcom,mss: [modem]: Error getting proxy unvoting gpio
<6>[    0.550957,4] core_ctl: Creating CPU group 0
<6>[    0.550964,4] core_ctl: Init CPU0 state
<6>[    0.550970,4] core_ctl: Init CPU1 state
<6>[    0.550975,4] core_ctl: Init CPU2 state
<6>[    0.550981,4] core_ctl: Init CPU3 state
<6>[    0.551140,4] core_ctl: Creating CPU group 4
<6>[    0.551147,4] core_ctl: Init CPU4 state
<6>[    0.551152,4] core_ctl: Init CPU5 state
<6>[    0.551158,4] core_ctl: Init CPU6 state
<6>[    0.551163,4] core_ctl: Init CPU7 state
<6>[    0.551267,5] pacman_init
<6>[    0.551541,5] pacman_probe: msm_pacman version 1.1
<6>[    0.552145,0] pacman_test_init
<6>[    0.552355,0] pacman_test_probe: msm_test_pacman
<3>[    0.552944,0] ACPU Bin is not available.
<6>[    0.553095,0] mmi_unit_info (SMEM) for modem: version = 0x03, device = 'athene_16mp', radio = 0x0, radio_str = 'India', system_rev = 0x82a0, system_serial = 0x432e880200000000, machine = '', barcode = 'ZY223WC9M3', baseband = '', carrier = 'retin', pu_reason = 0x00004000
<6>[    0.561556,0] kgsl kgsl-3d0: Initialized kgsl-3d0: mmu=on
<6>[    0.565555,0] brd: module loaded
<6>[    0.566741,0] loop: module loaded
<6>[    0.566910,0] zram: Created 1 device(s)
<6>[    0.567262,0] QSEECOM: qseecom_probe: qseecom.qsee_version = 0x800000
<4>[    0.567279,0] QSEECOM: qseecom_probe: disk-encrypt-pipe-pair=0x2
<4>[    0.567285,0] QSEECOM: qseecom_probe: Device does not support PFEQSEECOM: qseecom_probe: qsee-ce-hw-instance=0x0
<6>[    0.567296,0] QSEECOM: qseecom_probe: qseecom.appsbl_qseecom_support = 0x1<6>[    0.567302,0] QSEECOM: qseecom_probe: qseecom clocks handled by other subsystem
<4>[    0.567634,0] QSEECOM: qseecom_probe: qseecom.whitelist_support = 1
<4>[    0.569138,0] i2c-core: driver [tabla-i2c-core] using legacy suspend method
<4>[    0.569145,0] i2c-core: driver [tabla-i2c-core] using legacy resume method
<4>[    0.569188,0] i2c-core: driver [wcd9xxx-i2c-core] using legacy suspend method
<4>[    0.569193,0] i2c-core: driver [wcd9xxx-i2c-core] using legacy resume method
<3>[    0.569584,0] qcom_ice_get_device_tree_data: No vdd-hba-supply regulator, assuming not needed
<6>[    0.569637,0] ICE IRQ = 344
<6>[    0.569999,0] SCSI Media Changer driver v0.25 
<3>[    0.570734,0] sps: BAM device 0x0000000007ac4000 is not registered yet.
<6>[    0.570863,0] sps:BAM 0x0000000007ac4000 is registered.
<6>[    0.572814,0] sps:BAM 0x0000000007ac4000 (va:0xffffff80018e0000) enabled: ver:0x19, number of pipes:12
<6>[    0.574457,0] input: sensorprocessor as /devices/virtual/input/input0
<3>[    0.575709,5] spi_qsd 7af8000.spi: init_resources: unable to get core_clk
<6>[    0.576326,0] tun: Universal TUN/TAP device driver, 1.6
<6>[    0.576334,0] tun: (C) 1999-2004 Max Krasnyansky <maxk@qualcomm.com>
<6>[    0.577658,0] PPP generic driver version 2.4.2
<6>[    0.577713,0] PPP BSD Compression module registered
<6>[    0.577718,0] PPP Deflate Compression module registered
<6>[    0.577737,0] PPP MPPE Compression module registered
<6>[    0.577742,0] NET: Registered protocol family 24
<6>[    0.578076,0] wcnss_wlan probed in built-in mode
<6>[    0.578526,0] pegasus: v0.9.3 (2013/04/25), Pegasus/Pegasus II USB Ethernet driver
<6>[    0.578545,0] usbcore: registered new interface driver pegasus
<6>[    0.578561,0] usbcore: registered new interface driver MOSCHIP usb-ethernet driver
<6>[    0.579015,0] msm_sharedmem: sharedmem_register_qmi: qmi init successful
<6>[    0.580419,0] msm_sharedmem: msm_sharedmem_probe: Device created for client 'rmtfs'
<6>[    0.580709,5] msm_sharedmem: msm_sharedmem_probe: Device created for client 'rfsa_dsp'
<6>[    0.580970,4] msm_sharedmem: msm_sharedmem_probe: Device created for client 'rfsa_mdm'
<6>[    0.581206,4] msm_sharedmem: msm_sharedmem_probe: Device created for client 'rfsa_sensor'
<6>[    0.581915,4] msm_otg 78db000.usb: msm_otg probe
<6>[    0.584784,0] msm_otg 78db000.usb: OTG regs = ffffff800188e000
<6>[    0.588300,0] ehci_hcd: USB 2.0 'Enhanced' Host Controller (EHCI) Driver
<6>[    0.588310,0] ehci-pci: EHCI PCI platform driver
<6>[    0.588343,0] ehci-msm: Qualcomm On-Chip EHCI Host Controller
<3>[    0.588531,0] Unable to get vbus_otg
<3>[    0.588539,0] msm_hsusb_host msm_hsusb_host: unable to register with transceiver
<6>[    0.588561,0] ehci-msm2: Qualcomm EHCI Host Controller
<6>[    0.589126,0] usbcore: registered new interface driver cdc_acm
<6>[    0.589132,0] cdc_acm: USB Abstract Control Model driver for USB modems and ISDN adapters
<6>[    0.589150,0] usbcore: registered new interface driver ccid_bridge
<6>[    0.589234,0] ccid_bridge_init: success
<6>[    0.589254,0] usbcore: registered new interface driver usb-storage
<6>[    0.589299,0] usbcore: registered new interface driver usbserial
<6>[    0.589314,0] usbcore: registered new interface driver qc_csvt
<6>[    0.589328,0] usbserial: USB Serial support registered for qc_csvt
<6>[    0.590428,0] mousedev: PS/2 mouse device common for all mice
<6>[    0.590502,0] usbcore: registered new interface driver xpad
<6>[    0.590896,0] input: input_mt_wrapper as /devices/virtual/input/input1
<3>[    0.591135,0] synaptics_dsx_dt_parse_modifiers: processing modifier config_modifier-aod[0]
<6>[    0.591229,0] synaptics_dsx_i2c 3-0020: processed 1 patch sets for 1 functions
<3>[    0.591237,0] synaptics_dsx_dt_parse_modifiers: processing modifier config_modifier-fps[5]
<5>[    0.591242,0] synaptics_dsx_dt_parse_modifiers: using fingerprint sensor detection
<5>[    0.591248,0] synaptics_dsx_dt_parse_modifier: using touch clip area in fps-active
<5>[    0.591279,0] synaptics_dsx_of_init: using gpio config
<5>[    0.591286,0] synaptics_dsx_of_init: using single touch in aod
<5>[    0.591291,0] synaptics_dsx_of_init: using in progress event blank
<4>[    0.591341,0] synaptics_dsx_i2c 3-0020: synaptics_rmi4_probe: Failed to get regulator
<3>[    0.610305,0] i2c-msm-v2 78b7000.i2c: msm_bus_scale_register_client(mstr-id:86):0x8 (ok)
<3>[    0.620068,0] synaptics_dsx_i2c 3-0020: synaptics_rmi4_cap_button_map: cap_button_map is 				NULL in board file
<3>[    0.621406,0] synaptics_dsx_i2c 3-0020: synaptics_rmi4_query_device: No handler for F51
<6>[    0.624455,0] input: synaptics_dsx_i2c as /devices/soc.0/78b7000.i2c/i2c-3/3-0020/input/input2
<6>[    0.624494,0] synaptics_rmi4_query_device: Product: s332u, firmware id: 2307b4, config id: 16040503
<6>[    0.625193,0] synaptics_dsx_sensor_state: state change UNKNOWN -> STANDBY
<6>[    0.625201,0] synaptics_dsx_sysfs_touchscreen: assigned minor 32
<4>[    0.625242,0] ------------[ cut here ]------------
<4>[    0.625255,0] WARNING: at /home/ghost/arrow/kernel/motorola/msm8952/drivers/base/core.c:579 device_create_file+0x9c/0xb4()
<4>[    0.625261,0] Attribute clipa: read permission without 'show'
<4>[    0.625268,0] CPU: 0 PID: 1 Comm: swapper/0 Not tainted 3.10.108-lk.r17_rev #2
<4>[    0.625273,0] Call trace:
<4>[    0.625282,0] [<ffffffc000087970>] dump_backtrace+0x0/0x238
<4>[    0.625298,0] ---[ end trace 69f85fb5e02c9a64 ]---
<3>[    0.625308,0] synaptics_dsx_i2c 3-0020: Failed to register fps_notifier: -19
<4>[    0.625313,0] ------------[ cut here ]------------
<4>[    0.625321,0] WARNING: at /home/ghost/arrow/kernel/motorola/msm8952/kernel/power/qos.c:489 pm_qos_add_request+0xfc/0x208()
<3>[    0.625326,0] IRQ-417 not set for request with affinity flag
<4>[    0.625332,0] CPU: 0 PID: 1 Comm: swapper/0 Tainted: G        W    3.10.108-lk.r17_rev #2
<4>[    0.625336,0] Call trace:
<4>[    0.625342,0] [<ffffffc000087970>] dump_backtrace+0x0/0x238
<4>[    0.625346,0] ---[ end trace 69f85fb5e02c9a65 ]---
<6>[    0.626081,0] input: hbtp_vm as /devices/virtual/input/input3
<3>[    0.626446,0] i2c-msm-v2 78b6000.i2c: msm_bus_scale_register_client(mstr-id:86):0x9 (ok)
<3>[    0.626548,0] i2c-msm-v2 78b6000.i2c: NACK: slave not responding, ensure its powered: msgs(n:2 cur:0 tx) bc(rx:1 tx:1) mode:FIFO slv_addr:0x49 MSTR_STS:0x0d1300c8 OPER:0x00000010
<4>[    0.626580,0] EPL8802: probe of 2-0049 failed with error -1
<4>[    0.626594,0] i2c-core: driver [EPL8802] using legacy suspend method
<4>[    0.626599,0] i2c-core: driver [EPL8802] using legacy resume method
<6>[    0.627098,0] input: fpc1020 as /devices/virtual/input/input4
<6>[    0.627135,0] fpc1020 spi7.0: fpc1020_probe: ok
<6>[    0.627200,0] input: qwerty as /devices/virtual/input/input5
<6>[    0.627370,0] hb_init hb done
<6>[    0.627563,0] qcom,qpnp-rtc qpnp-rtc-8: rtc core: registered qpnp_rtc as rtc0
<6>[    0.628041,0] i2c /dev entries driver
<6>[    0.628618,0] msm_vidc:  err: Failed to read qcom,clock-voltage-tbl from device tree
<3>[    0.630947,4] CAM-SMMU cam_populate_smmu_context_banks:1582 Invalid pointer of ctx : vfe_secure rc = -517
<3>[    0.630959,4] CAM-SMMU cam_smmu_probe:1632 Error: populating context banks
<4>[    0.630970,4] msm_cam_smmu: probe of msm_cam_smmu_cb2.169 failed with error -12
<3>[    0.631497,4] CAM-SMMU cam_populate_smmu_context_banks:1582 Invalid pointer of ctx : vfe_secure rc = -517
<3>[    0.631504,4] CAM-SMMU cam_smmu_probe:1632 Error: populating context banks
<4>[    0.631514,4] msm_cam_smmu: probe of msm_cam_smmu_cb2.169 failed with error -12
<3>[    0.633204,4] msm_camera_get_dt_vreg_data:1035 number of entries is 0 or not present in dts
<3>[    0.636860,7] msm_camera_get_dt_vreg_data:1035 number of entries is 0 or not present in dts
<3>[    0.637516,7] msm_camera_get_dt_vreg_data:1035 number of entries is 0 or not present in dts
<3>[    0.638145,7] msm_camera_get_dt_vreg_data:1035 number of entries is 0 or not present in dts
<6>[    0.644477,0] msm_cci_init:1385: hw_version = 0x10020002
<6>[    0.980894,5] msm_cci_init:1385: hw_version = 0x10020002
<6>[    1.631285,6] synaptics_dsx_i2c 3-0020: RxTx mapped from F$55
<6>[    1.631285,6] 
<6>[    1.631285,6] 	Rx mapped count 18(18)
<6>[    1.631285,6] 	Tx 				mapped count 30(30)
<6>[    1.631285,6] 
<3>[    1.631560,6] synaptics_rmi4_detection_work: F54_Ctrl scan failed
<3>[    1.631569,6] synaptics_rmi4_detection_work: F54_Data scan failed
<6>[    1.632064,6] synaptics_dsx_i2c 3-0020: fwu_scan_pdt: BL version = 7
<3>[    1.637979,5] sps: BAM device 0x0000000007884000 is not registered yet.
<6>[    1.638169,4] sps:BAM 0x0000000007884000 is registered.
<6>[    1.638419,4] sps:BAM 0x0000000007884000 (va:0xffffff8001aa0000) enabled: ver:0x19, number of pipes:12
<6>[    1.960503,5] MSM-CPP cpp_init_hardware:870 CPP HW Version: 0x40030000
<3>[    1.960521,5] MSM-CPP cpp_init_hardware:888 stream_cnt:0
<3>[    1.968683,6] __msm_jpeg_init:1537] Jpeg Device id 0
<6>[    1.969466,6] usbcore: registered new interface driver uvcvideo
<6>[    1.969475,6] USB Video Class driver (1.1.1)
<6>[    1.969481,6] gspca_main: v2.14.0 registered
<3>[    1.970425,6] no dt xtal-freq config, using default
<3>[    1.970435,6] isdbt_hw_setting 
<3>[    1.970618,6] fc8300_spi_init : 0
<3>[    1.970650,6] kthread run
<3>[    1.970756,6] isdbt_hw_init 
<3>[    1.970767,5] isdbt_kthread enter
<3>[    1.980774,0] [ERROR] FC8300_SPI Handle Fail...........
<3>[    1.980782,0] fc8300_spi_bulkread fail : 1
<3>[    1.980787,0] isdbt_chip_id reading chip id err 257
<3>[    1.980791,0] isdbt_hw_deinit 
<3>[    1.980796,0] isdbt isdbt_exit 
<3>[    1.980800,0] isdbt_hw_deinit 
<3>[    1.980887,5] isdbt_kthread exit
<6>[    1.982227,0] FG: fg_probe: FG Probe success - FG Revision DIG:3.1 ANA:1.2 PMIC subtype=17
<3>[    1.983064,0] qpnp-smbcharger qpnp-smbcharger-17: node /soc/qcom,spmi@200f000/qcom,pmi8950@2/qcom,qpnp-smbcharger IO resource absent!
<3>[    1.983344,0] qpnp-smbcharger qpnp-smbcharger-17: length=8
<3>[    1.983352,0] qpnp-smbcharger qpnp-smbcharger-17: num parallel charge entries=8
<6>[    1.983481,0] smbcharger_charger_otg: no parameters
<6>[    1.984610,0] FG: fg_set_resume_soc: setting resume-soc to fc
<3>[    2.013298,0] qpnp-smbcharger qpnp-smbcharger-17: node /soc/qcom,spmi@200f000/qcom,pmi8950@2/qcom,qpnp-smbcharger IO resource absent!
<3>[    2.013316,4] qpnp-smbcharger qpnp-smbcharger-17: Battery Temp State = Cool
<6>[    2.014457,0] qpnp-smbcharger qpnp-smbcharger-17: SMBCHG successfully probe Charger version=SCHG_LITE Revision DIG:0.0 ANA:0.1 batt=1 dc=0 usb=1
<3>[    2.015227,0] unable to find DT imem DLOAD mode node
<3>[    2.015548,0] unable to find DT imem EDLOAD mode node
<3>[    2.016319,0] qpnp_vadc_get_temp: VADC read error with -517
<4>[    2.016330,0] thermal thermal_zone2: failed to read out thermal zone 2
<3>[    2.016443,0] qpnp_vadc_get_temp: VADC read error with -517
<4>[    2.016451,0] thermal thermal_zone3: failed to read out thermal zone 3
<3>[    2.016562,0] qpnp_vadc_get_temp: VADC read error with -517
<4>[    2.016569,0] thermal thermal_zone4: failed to read out thermal zone 4
<3>[    2.016680,0] qpnp_vadc_get_temp: VADC read error with -517
<4>[    2.016687,0] thermal thermal_zone5: failed to read out thermal zone 5
<6>[    2.036481,0] device-mapper: ioctl: 4.24.0-ioctl (2013-01-15) initialised: dm-devel@redhat.com
<6>[    2.036576,0] device-mapper: req-crypt: dm-req-crypt successfully initalized.
<6>[    2.036576,0] 
<6>[    2.037226,0] cpuidle: using governor ladder
<6>[    2.037232,0] cpuidle: using governor menu
<6>[    2.037248,0] sdhci: Secure Digital Host Controller Interface driver
<6>[    2.037252,0] sdhci: Copyright(c) Pierre Ossman
<6>[    2.037257,0] sdhci-pltfm: SDHCI platform and OF driver helper
<6>[    2.037683,0] qcom_ice_get_pdevice: found ice device ffffffc0b0926800
<6>[    2.037688,0] qcom_ice_get_pdevice: matching platform device ffffffc0b21fb400
<6>[    2.040682,0] sdhci_msm 7824900.sdhci: host_use_default_qos = 1
<6>[    2.040691,0] sdhci_msm 7824900.sdhci: For qos_policy(default qos) = 0, tbl_sz = 3, qos type = 1
<6>[    2.040697,0] sdhci_msm 7824900.sdhci: 	dma_latency = 2
<6>[    2.040703,0] sdhci_msm 7824900.sdhci: 	dma_latency = 360
<6>[    2.040708,0] sdhci_msm 7824900.sdhci: 	dma_latency = 430
<6>[    2.040715,0] sdhci_msm 7824900.sdhci: For qos_policy(modified dynamic qos) = 1, tbl_sz = 1, qos type = 2
<6>[    2.040721,0] sdhci_msm 7824900.sdhci: 	dma_latency = 200
<6>[    2.040727,0] sdhci_msm 7824900.sdhci: For qos_policy(modified dynamic qos) = 2, tbl_sz = 1, qos type = 2
<6>[    2.040733,0] sdhci_msm 7824900.sdhci: 	dma_latency = 200
<6>[    2.040738,0] sdhci_msm 7824900.sdhci: Host using default pm_qos
<6>[    2.041043,0] qcom_ice 7803000.sdcc1ice: QC ICE 2.0.41 device found @0xffffff8001890000
<6>[    2.041667,0] mmc0: no vqmmc regulator found
<6>[    2.041677,0] mmc0: no vmmc regulator found
<6>[    2.041861,0] mmc0: SDHCI controller on 7824900.sdhci [7824900.sdhci] using 32-bit ADMA in CMDQ mode
<4>[    2.077599,5] sdhci_msm 7864900.sdhci: sdhci_msm_probe: ICE device is not enabled
<6>[    2.081966,4] sdhci_msm 7864900.sdhci: host_use_default_qos = 1
<6>[    2.081979,4] sdhci_msm 7864900.sdhci: For qos_policy(default qos) = 0, tbl_sz = 1, qos type = 2
<6>[    2.081987,4] sdhci_msm 7864900.sdhci: 	dma_latency = 701
<6>[    2.081997,4] sdhci_msm 7864900.sdhci: For qos_policy(modified dynamic qos) = 1, tbl_sz = 1, qos type = 2
<6>[    2.082006,4] sdhci_msm 7864900.sdhci: 	dma_latency = 200
<6>[    2.082015,4] sdhci_msm 7864900.sdhci: For qos_policy(modified dynamic qos) = 2, tbl_sz = 1, qos type = 2
<6>[    2.082023,4] sdhci_msm 7864900.sdhci: 	dma_latency = 200
<6>[    2.082030,4] sdhci_msm 7864900.sdhci: Host using default pm_qos
<6>[    2.093357,4] mmc1: no vqmmc regulator found
<6>[    2.093371,4] mmc1: no vmmc regulator found
<6>[    2.093539,4] mmc1: SDHCI controller on 7864900.sdhci [7864900.sdhci] using 32-bit ADMA in legacy mode
<6>[    2.132087,4] qcom,leds-atc leds-atc-20: Probe success register value 0x1
<6>[    2.133884,4] usbcore: registered new interface driver usbhid
<6>[    2.133894,4] usbhid: USB HID core driver
<6>[    2.133948,4] ashmem: initialized
<6>[    2.134540,4] qcom,qpnp-power-on qpnp-power-on-2: PMIC@SID0 Power-on reason: Triggered from Hard Reset and 'cold' boot
<6>[    2.134560,4] qcom,qpnp-power-on qpnp-power-on-2: PMIC@SID0: Power-off reason: Triggered from PS_HOLD (PS_HOLD/MSM controlled shutdown)
<6>[    2.134700,4] input: qpnp_pon as /devices/virtual/input/input6
<6>[    2.135090,4] pon_spare_reg: no parameters
<6>[    2.135157,4] qcom,qpnp-power-on qpnp-power-on-13: No PON config. specified
<6>[    2.135192,4] qcom,qpnp-power-on qpnp-power-on-13: PMIC@SID2 Power-on reason: Triggered from PON1 (secondary PMIC) and 'cold' boot
<6>[    2.135211,4] qcom,qpnp-power-on qpnp-power-on-13: PMIC@SID2: Power-off reason: Triggered from PS_HOLD (PS_HOLD/MSM controlled shutdown)
<6>[    2.135351,4] qpnp_coincell_charger_show_state: enabled=Y, voltage=3200 mV, resistance=2100 ohm
<6>[    2.138825,5] bimc-bwmon 410000.qcom,gpu-bwmon: BW HWmon governor registered.
<6>[    2.138905,5] bimc-bwmon 408000.qcom,cpu-bwmon: BW HWmon governor registered.
<3>[    2.140336,5] devfreq qcom,cpubw.51: Couldn't update frequency transition information.
<3>[    2.140441,5] devfreq qcom,mincpubw.52: Couldn't update frequency transition information.
<3>[    2.140948,5] devfreq qcom,cci.50: Couldn't update frequency transition information.
<6>[    2.142367,6] usbcore: registered new interface driver snd-usb-audio
<3>[    2.143137,6] cs35l34 2-0040: Wrong cirrus,boost-manager DT value -64
<3>[    2.143147,6] cs35l34 2-0040: Wrong cirrus,sdout-datacfg DT value -64
<6>[    2.143808,4] cs35l34 2-0040: Cirrus Logic CS35l34 (35a34), Revision: 00
<6>[    2.153552,0] msm-pcm-lpa qcom,msm-pcm-lpa.73: msm_pcm_probe: dev name qcom,msm-pcm-lpa.73
<6>[    2.159422,0] msm8952-asoc-wcd c051000.sound: default codec configured
<3>[    2.161457,0] msm8952-asoc-wcd c051000.sound: ASoC: platform (null) not registered
<3>[    2.161486,0] msm8952-asoc-wcd c051000.sound: snd_soc_register_card failed (-517)
<6>[    2.162146,0] u32 classifier
<6>[    2.162152,0]     Actions configured
<6>[    2.162159,0] Netfilter messages via NETLINK v0.30.
<6>[    2.162198,0] nf_conntrack version 0.5.0 (16384 buckets, 65536 max)
<6>[    2.162410,0] ctnetlink v0.93: registering with nfnetlink.
<6>[    2.162468,0] NF_TPROXY: Transparent proxy support initialized, version 4.1.0
<6>[    2.162473,0] NF_TPROXY: Copyright (c) 2006-2007 BalaBit IT Ltd.
<6>[    2.162630,0] xt_time: kernel timezone is -0000
<6>[    2.162754,0] ip_tables: (C) 2000-2006 Netfilter Core Team
<6>[    2.162877,0] arp_tables: (C) 2002 David S. Miller
<6>[    2.162907,0] TCP: westwood registered
<6>[    2.162912,0] Initializing XFRM netlink socket
<6>[    2.163085,0] NET: Registered protocol family 10
<6>[    2.163801,0] mip6: Mobile IPv6
<6>[    2.163820,0] ip6_tables: (C) 2000-2006 Netfilter Core Team
<6>[    2.163925,0] sit: IPv6 over IPv4 tunneling driver
<6>[    2.164168,0] NET: Registered protocol family 17
<6>[    2.164184,0] NET: Registered protocol family 15
<5>[    2.164220,0] Bridge firewalling registered
<6>[    2.164228,0] Ebtables v2.0 registered
<6>[    2.164284,0] l2tp_core: L2TP core driver, V2.0
<6>[    2.164295,0] l2tp_ppp: PPPoL2TP kernel driver, V2.0
<6>[    2.164300,0] l2tp_ip: L2TP IP encapsulation support (L2TPv3)
<6>[    2.164309,0] l2tp_netlink: L2TP netlink interface
<6>[    2.164328,0] l2tp_eth: L2TP ethernet pseudowire support (L2TPv3)
<6>[    2.164349,0] l2tp_debugfs: L2TP debugfs support
<6>[    2.164354,0] l2tp_ip6: L2TP IP encapsulation support for IPv6 (L2TPv3)
<6>[    2.171624,6] msm_vidc:  err: Failed to read qcom,clock-voltage-tbl from device tree
<6>[    2.172715,7] msm_otg 78db000.usb: phy_reset: success
<6>[    2.176527,6] msm8952-asoc-wcd c051000.sound: default codec configured
<3>[    2.176808,6] msm8952-asoc-wcd c051000.sound: ASoC: platform (null) not registered
<3>[    2.176836,6] msm8952-asoc-wcd c051000.sound: snd_soc_register_card failed (-517)
<5>[    2.178577,0] Registering SWP/SWPB emulation handler
<5>[    2.178709,0] Loading compiled-in X.509 certificates
<5>[    2.179204,0] Key type encrypted registered
<3>[    2.220695,0] Unable to find log_buf by kallsyms!
<6>[    2.220862,0] mem_acc_corner: disabling
<6>[    2.220869,0] regulator-dummy: disabling
<6>[    2.225170,6] msm8952-asoc-wcd c051000.sound: default codec configured
<3>[    2.225464,6] msm8952-asoc-wcd c051000.sound: ASoC: platform (null) not registered
<3>[    2.225494,6] msm8952-asoc-wcd c051000.sound: snd_soc_register_card failed (-517)
<6>[    2.226348,0] utags (utags_probe): Done [config]
<6>[    2.226376,0] utags (utags_dt_init): backup storage path not provided
<6>[    2.226647,0] utags (utags_probe): Done [hw]
<6>[    2.230236,7] msm8952-asoc-wcd c051000.sound: default codec configured
<3>[    2.230541,7] msm8952-asoc-wcd c051000.sound: ASoC: platform (null) not registered
<3>[    2.230570,7] msm8952-asoc-wcd c051000.sound: snd_soc_register_card failed (-517)
<6>[    2.227391,0] RNDIS_IPA module is loaded.
<6>[    2.231309,0] file system registered
<6>[    2.231336,0] mbim_init: initialize 1 instances
<6>[    2.231368,0] mbim_init: Initialized 1 ports
<6>[    2.231373,0] mbim_bam_setup: no_ports:1
<6>[    2.231480,0] mbim_bam_setup: Initialized 1 ports
<6>[    2.231940,0] rndis_qc_init: initialize rndis QC instance
<6>[    2.232112,0] android_usb gadget: Mass Storage Function, version: 2009/09/11
<6>[    2.232118,0] android_usb gadget: Number of LUNs=1
<6>[    2.232124,0]  lun0: LUN: removable file: (no medium)
<6>[    2.232602,0] android_usb gadget: android_usb ready
<6>[    2.232611,0] msm_hsusb msm_hsusb: [ci13xxx_start] hw_ep_max = 32
<6>[    2.232627,0] msm_hsusb msm_hsusb: CI13XXX_CONTROLLER_UDC_STARTED_EVENT received
<6>[    2.234532,0] input: gpio-keys as /devices/soc.0/gpio_keys.98/input/input7
<3>[    2.235553,0] stmvl53l0_get_dt_data gpio_array[0] = 976
<3>[    2.235565,0] stmvl53l0_get_dt_data gpio_array[1] = 933
<3>[    2.235708,0] i2c-msm-v2 78b6000.i2c: NACK: slave not responding, ensure its powered: msgs(n:1 cur:0 tx) bc(rx:0 tx:1) mode:FIFO slv_addr:0x29 MSTR_STS:0x001363c8 OPER:0x000004c0
<3>[    2.235725,0] stmvl53l0_checkmoduleid: i2c_transfer err:-107, addr:0x29, reg:0xc0
<6>[    2.236641,7] msm8952-asoc-wcd c051000.sound: default codec configured
<3>[    2.236922,7] msm8952-asoc-wcd c051000.sound: ASoC: platform (null) not registered
<3>[    2.236950,7] msm8952-asoc-wcd c051000.sound: snd_soc_register_card failed (-517)
<6>[    2.240158,0] msm8952-asoc-wcd c051000.sound: default codec configured
<3>[    2.240395,0] msm8952-asoc-wcd c051000.sound: ASoC: platform (null) not registered
<3>[    2.240420,0] msm8952-asoc-wcd c051000.sound: snd_soc_register_card failed (-517)
<3>[    2.255941,0] stmvl53l0_checkmoduleid: STM VL53L0 Found 2274
<6>[    2.256148,0] input: Rear proximity sensor as /devices/virtual/input/input8
<4>[    2.256254,0] i2c-core: driver [stmvl53l0] using legacy resume method
<6>[    2.257128,0] qcom,qpnp-rtc qpnp-rtc-8: setting system clock to 1970-08-13 07:33:44 UTC (19380824)
<6>[    2.260062,0] qcom,cc-debug-8952 1874000.qcom,cc-debug: Registered Debug Mux successfully
<6>[    2.260549,0] qcom,gcc-8952 1800000.qcom,gcc: Thermal limit on PLLs Initialized
<6>[    2.260658,4] msm8952-asoc-wcd c051000.sound: default codec configured
<3>[    2.260997,4] msm8952-asoc-wcd c051000.sound: ASoC: platform (null) not registered
<3>[    2.261027,4] msm8952-asoc-wcd c051000.sound: snd_soc_register_card failed (-517)
<6>[    2.263117,0] msm_thermal:interrupt_mode_init Interrupt mode init
<3>[    2.264177,0] parse_cpu_levels: idx 1 900
<4>[    2.264261,0] ------------[ cut here ]------------
<4>[    2.264274,0] WARNING: at /home/ghost/arrow/kernel/motorola/msm8952/drivers/cpuidle/lpm-levels-of.c:728 parse_cluster+0x934/0xd74()
<4>[    2.264279,0] calculate_residency: Incorrect power attributes for LPM
<4>[    2.264287,0] CPU: 0 PID: 1 Comm: swapper/0 Tainted: G        W    3.10.108-lk.r17_rev #2
<4>[    2.264292,0] Call trace:
<4>[    2.264300,0] [<ffffffc000087970>] dump_backtrace+0x0/0x238
<4>[    2.264306,0] ---[ end trace 69f85fb5e02c9a67 ]---
<3>[    2.264310,0] parse_cpu_levels: idx 1 0
<6>[    2.265754,7] msm8952-asoc-wcd c051000.sound: default codec configured
<3>[    2.266043,7] msm8952-asoc-wcd c051000.sound: ASoC: platform (null) not registered
<3>[    2.266076,7] msm8952-asoc-wcd c051000.sound: snd_soc_register_card failed (-517)
<3>[    2.266543,0] qcom,qpnp-flash-led qpnp-flash-led-23: Unable to acquire pinctrl
<6>[    2.268527,0] rmnet_ipa started initialization
<6>[    2.268536,0] IPA SSR support = True
<6>[    2.268540,0] IPA ipa-loaduC = True
<6>[    2.270141,0] msm8952-asoc-wcd c051000.sound: default codec configured
<3>[    2.270384,0] msm8952-asoc-wcd c051000.sound: ASoC: platform (null) not registered
<3>[    2.270410,0] msm8952-asoc-wcd c051000.sound: snd_soc_register_card failed (-517)
<3>[    2.284530,0] ipa ipa_sps_irq_control_all:879 EP (5) not allocated.
<3>[    2.284543,0] ipa ipa_uc_state_check:297 uC is not loaded
<6>[    2.287398,0] rmnet_ipa completed initialization
<6>[    2.288010,0] clock_late_init: Removing enables held for handed-off clocks
<6>[    2.290881,5] msm8952-asoc-wcd c051000.sound: default codec configured
<3>[    2.291232,5] msm8952-asoc-wcd c051000.sound: ASoC: platform (null) not registered
<3>[    2.291264,5] msm8952-asoc-wcd c051000.sound: snd_soc_register_card failed (-517)
<6>[    2.297129,4] msm8952-asoc-wcd c051000.sound: default codec configured
<3>[    2.297573,4] msm8952-asoc-wcd c051000.sound: ASoC: platform (null) not registered
<3>[    2.297617,4] msm8952-asoc-wcd c051000.sound: snd_soc_register_card failed (-517)
<6>[    2.301265,4] ALSA device list:
<6>[    2.301273,4]   No soundcards found.
<3>[    2.301351,4] Warning: unable to open an initial console.
<6>[    2.301473,4] Freeing unused kernel memory: 440K
<12>[    2.392926,4] magiskinit: mount ->/system failed with 22: Invalid argument
<6>[    2.449215,5] mmc0: BKOPS_EN bit = 2
<6>[    2.449229,5] mmc0: eMMC FW version: 0xa2
<6>[    2.449235,5] mmc0: CMDQ supported: depth: 32
<4>[    2.491780,7] mmc0: mmc_init_card: Enabled auto-bkops on device
<6>[    2.493253,7] cmdq_host_alloc_tdl: desc_size: 512 data_sz: 126976 slot-sz: 16
<4>[    2.496191,7] mmc0: CMDQ enabled on card
<6>[    2.496210,7] mmc0: new HS400 enhanced strobe MMC card at address 0001
<6>[    2.496957,7] mmcblk0: mmc0:0001 Q3J97V 29.1 GiB 
<6>[    2.497437,7] mmcblk0rpmb: mmc0:0001 Q3J97V partition 3 4.00 MiB
<6>[    2.502701,7]  mmcblk0: p1 p2 p3 p4 p5 p6 p7 p8 p9 p10 p11 p12 p13 p14 p15 p16 p17 p18 p19 p20 p21 p22 p23 p24 p25 p26 p27 p28 p29 p30 p31 p32 p33 p34 p35 p36 p37 p38 p39 p40 p41 p42 p43 p44 p45 p46 p47 p48
<6>[    2.509198,4] msm8952-asoc-wcd c051000.sound: default codec configured
<3>[    2.509539,4] msm8952-asoc-wcd c051000.sound: ASoC: platform (null) not registered
<3>[    2.509575,4] msm8952-asoc-wcd c051000.sound: snd_soc_register_card failed (-517)
<6>[    2.646514,5] mmc1: new ultra high speed DDR50 SDHC card at address aaaa
<6>[    2.647163,4] mmcblk1: mmc1:aaaa SL08G 7.40 GiB 
<6>[    2.658276,4]  mmcblk1: p1
<6>[    2.662533,5] msm8952-asoc-wcd c051000.sound: default codec configured
<3>[    2.662838,5] msm8952-asoc-wcd c051000.sound: ASoC: platform (null) not registered
<3>[    2.662870,5] msm8952-asoc-wcd c051000.sound: snd_soc_register_card failed (-517)
<6>[    3.116164,5] msm_otg 78db000.usb: Avail curr from USB = 1200
<6>[    3.116210,5] msm_bam_device_lpm_ok: Going to LPM now
<3>[    3.116668,5] qpnp-smbcharger qpnp-smbcharger-17: Turbo Charger Detected!
<6>[    3.123649,6] msm_otg 78db000.usb: USB in low power mode
<3>[    3.367248,0] EXT4-fs (mmcblk0p26): VFS: Can't find ext4 filesystem
<12>[    3.367382,0] magiskinit: mount /dev/block/metadata->/dev/mnt/metadata failed with 22: Invalid argument
<6>[    3.402138,4] EXT4-fs (mmcblk0p30): mounted filesystem with ordered data mode. Opts: (null)
<3>[    3.497869,0] FG: fg_get_mmi_battid: Battsn = SNN5970A
<4>[    3.497887,0] qcom,qpnp-fg qpnp-fg-18: Default Serial Number SNN5966
<4>[    3.497896,0] qcom,qpnp-fg qpnp-fg-18: Battery Match Found using qcom,ga40-atl
<12>[    3.534772,0] magiskinit: umount /system failed with 22: Invalid argument
<14>[    3.539691,5] init: init first stage started!
<14>[    3.540426,0] init: Using Android DT directory /proc/device-tree/firmware/android/
<14>[    3.541563,0] init: [libfs_mgr]fs_mgr_read_fstab_default(): failed to find device default fstab
<6>[    3.561388,0] EXT4-fs (mmcblk0p47): mounted filesystem without journal. Opts: barrier=1,discard
<14>[    3.561568,0] init: [libfs_mgr]__mount(source=/dev/block/platform/soc.0/7824900.sdhci/by-name/system,target=/system,type=ext4)=0: Success
<14>[    3.561755,0] init: Skipped setting INIT_AVB_VERSION (not in recovery mode)
<14>[    3.562014,0] init: Loading SELinux policy
<7>[    3.571471,0] SELinux: 2048 avtab hash slots, 31090 rules.
<7>[    3.586546,0] SELinux: 2048 avtab hash slots, 31090 rules.
<7>[    3.586562,0] SELinux:  1 users, 4 roles, 1264 types, 0 bools, 1 sens, 1024 cats
<7>[    3.586568,0] SELinux:  93 classes, 31090 rules
<6>[    3.588740,0] SELinux:  Permission transition in class filesystem not defined in policy.
<6>[    3.588766,0] SELinux:  Permission swapon in class file not defined in policy.
<6>[    3.588780,0] SELinux:  Permission swapon in class dir not defined in policy.
<6>[    3.588796,0] SELinux:  Permission swapon in class lnk_file not defined in policy.
<6>[    3.588807,0] SELinux:  Permission swapon in class chr_file not defined in policy.
<6>[    3.588818,0] SELinux:  Permission swapon in class blk_file not defined in policy.
<6>[    3.588830,0] SELinux:  Permission swapon in class sock_file not defined in policy.
<6>[    3.588841,0] SELinux:  Permission swapon in class fifo_file not defined in policy.
<6>[    3.588861,0] SELinux:  Permission recv_msg in class socket not defined in policy.
<6>[    3.588866,0] SELinux:  Permission send_msg in class socket not defined in policy.
<6>[    3.588877,0] SELinux:  Permission recv_msg in class tcp_socket not defined in policy.
<6>[    3.588881,0] SELinux:  Permission send_msg in class tcp_socket not defined in policy.
<6>[    3.588887,0] SELinux:  Permission connectto in class tcp_socket not defined in policy.
<6>[    3.588892,0] SELinux:  Permission newconn in class tcp_socket not defined in policy.
<6>[    3.588896,0] SELinux:  Permission acceptfrom in class tcp_socket not defined in policy.
<6>[    3.588908,0] SELinux:  Permission recv_msg in class udp_socket not defined in policy.
<6>[    3.588913,0] SELinux:  Permission send_msg in class udp_socket not defined in policy.
<6>[    3.588923,0] SELinux:  Permission recv_msg in class rawip_socket not defined in policy.
<6>[    3.588927,0] SELinux:  Permission send_msg in class rawip_socket not defined in policy.
<6>[    3.588934,0] SELinux:  Permission tcp_recv in class node not defined in policy.
<6>[    3.588938,0] SELinux:  Permission tcp_send in class node not defined in policy.
<6>[    3.588943,0] SELinux:  Permission udp_recv in class node not defined in policy.
<6>[    3.588947,0] SELinux:  Permission udp_send in class node not defined in policy.
<6>[    3.588952,0] SELinux:  Permission rawip_recv in class node not defined in policy.
<6>[    3.588956,0] SELinux:  Permission rawip_send in class node not defined in policy.
<6>[    3.588961,0] SELinux:  Permission enforce_dest in class node not defined in policy.
<6>[    3.588966,0] SELinux:  Permission dccp_recv in class node not defined in policy.
<6>[    3.588970,0] SELinux:  Permission dccp_send in class node not defined in policy.
<6>[    3.588977,0] SELinux:  Permission tcp_recv in class netif not defined in policy.
<6>[    3.588982,0] SELinux:  Permission tcp_send in class netif not defined in policy.
<6>[    3.588987,0] SELinux:  Permission udp_recv in class netif not defined in policy.
<6>[    3.588991,0] SELinux:  Permission udp_send in class netif not defined in policy.
<6>[    3.588996,0] SELinux:  Permission rawip_recv in class netif not defined in policy.
<6>[    3.589000,0] SELinux:  Permission rawip_send in class netif not defined in policy.
<6>[    3.589005,0] SELinux:  Permission dccp_recv in class netif not defined in policy.
<6>[    3.589009,0] SELinux:  Permission dccp_send in class netif not defined in policy.
<6>[    3.589020,0] SELinux:  Permission recv_msg in class netlink_socket not defined in policy.
<6>[    3.589024,0] SELinux:  Permission send_msg in class netlink_socket not defined in policy.
<6>[    3.589034,0] SELinux:  Permission recv_msg in class packet_socket not defined in policy.
<6>[    3.589039,0] SELinux:  Permission send_msg in class packet_socket not defined in policy.
<6>[    3.589049,0] SELinux:  Permission recv_msg in class key_socket not defined in policy.
<6>[    3.589054,0] SELinux:  Permission send_msg in class key_socket not defined in policy.
<6>[    3.589064,0] SELinux:  Permission recv_msg in class unix_stream_socket not defined in policy.
<6>[    3.589069,0] SELinux:  Permission send_msg in class unix_stream_socket not defined in policy.
<6>[    3.589075,0] SELinux:  Permission newconn in class unix_stream_socket not defined in policy.
<6>[    3.589079,0] SELinux:  Permission acceptfrom in class unix_stream_socket not defined in policy.
<6>[    3.589089,0] SELinux:  Permission recv_msg in class unix_dgram_socket not defined in policy.
<6>[    3.589094,0] SELinux:  Permission send_msg in class unix_dgram_socket not defined in policy.
<6>[    3.589122,0] SELinux:  Permission recv_msg in class netlink_route_socket not defined in policy.
<6>[    3.589127,0] SELinux:  Permission send_msg in class netlink_route_socket not defined in policy.
<6>[    3.589134,0] SELinux:  Class netlink_firewall_socket not defined in policy.
<6>[    3.589143,0] SELinux:  Permission recv_msg in class netlink_tcpdiag_socket not defined in policy.
<6>[    3.589148,0] SELinux:  Permission send_msg in class netlink_tcpdiag_socket not defined in policy.
<6>[    3.589160,0] SELinux:  Permission recv_msg in class netlink_nflog_socket not defined in policy.
<6>[    3.589165,0] SELinux:  Permission send_msg in class netlink_nflog_socket not defined in policy.
<6>[    3.589175,0] SELinux:  Permission recv_msg in class netlink_xfrm_socket not defined in policy.
<6>[    3.589180,0] SELinux:  Permission send_msg in class netlink_xfrm_socket not defined in policy.
<6>[    3.589191,0] SELinux:  Permission recv_msg in class netlink_selinux_socket not defined in policy.
<6>[    3.589196,0] SELinux:  Permission send_msg in class netlink_selinux_socket not defined in policy.
<6>[    3.589206,0] SELinux:  Permission recv_msg in class netlink_audit_socket not defined in policy.
<6>[    3.589211,0] SELinux:  Permission send_msg in class netlink_audit_socket not defined in policy.
<6>[    3.589219,0] SELinux:  Class netlink_ip6fw_socket not defined in policy.
<6>[    3.589229,0] SELinux:  Permission recv_msg in class netlink_dnrt_socket not defined in policy.
<6>[    3.589234,0] SELinux:  Permission send_msg in class netlink_dnrt_socket not defined in policy.
<6>[    3.589248,0] SELinux:  Permission recv_msg in class netlink_kobject_uevent_socket not defined in policy.
<6>[    3.589253,0] SELinux:  Permission send_msg in class netlink_kobject_uevent_socket not defined in policy.
<6>[    3.589263,0] SELinux:  Permission recv_msg in class appletalk_socket not defined in policy.
<6>[    3.589268,0] SELinux:  Permission send_msg in class appletalk_socket not defined in policy.
<6>[    3.589285,0] SELinux:  Permission recv_msg in class dccp_socket not defined in policy.
<6>[    3.589290,0] SELinux:  Permission send_msg in class dccp_socket not defined in policy.
<6>[    3.589308,0] SELinux:  Permission recv_msg in class tun_socket not defined in policy.
<6>[    3.589313,0] SELinux:  Permission send_msg in class tun_socket not defined in policy.
<6>[    3.589322,0] SELinux: the above unknown classes and permissions will be denied
<7>[    3.589341,0] SELinux:  Completing initialization.
<7>[    3.589344,0] SELinux:  Setting up existing superblocks.
<7>[    3.589363,0] SELinux: initialized (dev sysfs, type sysfs), uses genfs_contexts
<7>[    3.589384,0] SELinux: initialized (dev rootfs, type rootfs), uses genfs_contexts
<7>[    3.589449,0] SELinux: initialized (dev bdev, type bdev), not configured for labeling
<7>[    3.589465,0] SELinux: initialized (dev proc, type proc), uses genfs_contexts
<7>[    3.589496,0] SELinux: initialized (dev tmpfs, type tmpfs), uses transition SIDs
<7>[    3.589518,0] SELinux: initialized (dev debugfs, type debugfs), uses genfs_contexts
<7>[    3.635336,0] SELinux: initialized (dev sockfs, type sockfs), uses task SIDs
<7>[    3.635352,0] SELinux: initialized (dev pipefs, type pipefs), uses task SIDs
<7>[    3.635360,0] SELinux: initialized (dev anon_inodefs, type anon_inodefs), not configured for labeling
<7>[    3.635370,0] SELinux: initialized (dev devpts, type devpts), uses transition SIDs
<7>[    3.635389,0] SELinux: initialized (dev configfs, type configfs), uses genfs_contexts
<7>[    3.635402,0] SELinux: initialized (dev selinuxfs, type selinuxfs), uses genfs_contexts
<7>[    3.635448,0] SELinux: initialized (dev tmpfs, type tmpfs), uses transition SIDs
<7>[    3.635492,0] SELinux: initialized (dev sysfs, type sysfs), uses genfs_contexts
<7>[    3.637815,0] SELinux: initialized (dev tmpfs, type tmpfs), uses transition SIDs
<7>[    3.637840,0] SELinux: initialized (dev mmcblk0p47, type ext4), uses xattr
<14>[    3.642448,0] selinux: SELinux: Loaded policy from /sepolicy
<14>[    3.642448,0] 
<14>[    3.657468,0] selinux: SELinux: Loaded file_contexts
<14>[    3.657468,0] 
<14>[    3.660264,0] init: init second stage started!
<14>[    3.667573,0] init: Using Android DT directory /proc/device-tree/firmware/android/
<14>[    3.670786,0] selinux: SELinux: Loaded file_contexts
<14>[    3.670786,0] 
<14>[    3.670820,0] init: Running restorecon...
<11>[    3.675558,0] init: waitid failed: No child processes
<11>[    3.682795,0] init: Unable to set property '' to '' in property file '/product/build.prop': Illegal property name
<12>[    3.682890,0] init: Couldn't load property file '/odm/default.prop': open() failed: No such file or directory: No such file or directory
<14>[    3.684966,0] init: Created socket '/dev/socket/property_service', mode 666, user 0, group 0
<14>[    3.685456,0] init: Forked subcontext for 'u:r:vendor_init:s0' with pid 322
<14>[    3.685848,0] init: Forked subcontext for 'u:r:vendor_init:s0' with pid 323
<14>[    3.685936,0] init: Parsing file /init.rc...
<14>[    3.686241,0] init: Added '/init.environ.rc' to import list
<14>[    3.686257,0] init: Added '/init.usb.rc' to import list
<14>[    3.686282,0] init: Added '/init.qcom.rc' to import list
<14>[    3.686301,0] init: Added '/vendor/etc/init/hw/init.qcom.rc' to import list
<14>[    3.686319,0] init: Added '/init.usb.configfs.rc' to import list
<14>[    3.686338,0] init: Added '/init.zygote64_32.rc' to import list
<14>[    3.687874,0] init: Parsing file /init.environ.rc...
<14>[    3.687966,0] init: Parsing file /init.usb.rc...
<14>[    3.688425,0] init: Parsing file /init.qcom.rc...
<11>[    3.688451,0] init: Unable to read config file '/init.qcom.rc': open() failed: No such file or directory
<11>[    3.688470,0] init: /init.rc: 9: Could not import file '/init.qcom.rc': No such file or directory
<14>[    3.690186,0] init: Parsing file /vendor/etc/init/hw/init.qcom.rc...
<14>[    3.691879,0] init: Added '/vendor/etc/init/hw/init.qcom.power.rc' to import list
<14>[    3.691901,0] init: Added '/vendor/etc/init/hw/init.mmi.usb.rc' to import list
<14>[    3.694168,0] init: Parsing file /vendor/etc/init/hw/init.qcom.power.rc...
<11>[    3.696657,0] init: /vendor/etc/init/hw/init.qcom.power.rc: 189: Invalid keyword '/vendor/bin/mkswap'
<11>[    3.696691,0] init: /vendor/etc/init/hw/init.qcom.power.rc: 190: Invalid keyword '/vendor/bin/swapon'
<14>[    3.696801,0] init: Parsing file /vendor/etc/init/hw/init.mmi.usb.rc...
<14>[    3.700781,0] init: Parsing file /init.usb.configfs.rc...
<14>[    3.701482,0] init: Parsing file /init.zygote64_32.rc...
<14>[    3.701729,0] init: Parsing directory /system/etc/init...
<14>[    3.703319,0] init: Parsing file /system/etc/init/android.hidl.allocator@1.0-service.rc...
<14>[    3.705434,0] init: Parsing file /system/etc/init/atrace.rc...
<14>[    3.706716,0] init: Parsing file /system/etc/init/atrace_userdebug.rc...
<14>[    3.707506,0] init: Parsing file /system/etc/init/audioserver.rc...
<14>[    3.708156,0] init: Parsing file /system/etc/init/blank_screen.rc...
<14>[    3.708997,0] init: Parsing file /system/etc/init/bootanim.rc...
<14>[    3.709846,0] init: Parsing file /system/etc/init/bootstat-debug.rc...
<14>[    3.710481,0] init: Parsing file /system/etc/init/bootstat.rc...
<14>[    3.711313,0] init: Parsing file /system/etc/init/cameraserver.rc...
<14>[    3.712389,0] init: Parsing file /system/etc/init/drmserver.rc...
<14>[    3.713800,0] init: Parsing file /system/etc/init/dumpstate.rc...
<14>[    3.714673,0] init: Parsing file /system/etc/init/gatekeeperd.rc...
<14>[    3.715243,0] init: Parsing file /system/etc/init/healthd.rc...
<14>[    3.715743,0] init: Parsing file /system/etc/init/hwservicemanager.rc...
<14>[    3.717518,0] init: Parsing file /system/etc/init/incidentd.rc...
<14>[    3.718350,0] init: Parsing file /system/etc/init/init.arrow.rc...
<14>[    3.720436,0] init: Parsing file /system/etc/init/installd.rc...
<14>[    3.722249,0] init: Parsing file /system/etc/init/keystore.rc...
<14>[    3.723154,0] init: Parsing file /system/etc/init/lmkd.rc...
<14>[    3.723641,0] init: Parsing file /system/etc/init/logd.rc...
<14>[    3.725535,0] init: Parsing file /system/etc/init/mdnsd.rc...
<14>[    3.726477,0] init: Parsing file /system/etc/init/mediadrmserver.rc...
<14>[    3.727145,0] init: Parsing file /system/etc/init/mediaextractor.rc...
<14>[    3.727640,0] init: Parsing file /system/etc/init/mediametrics.rc...
<14>[    3.729431,0] init: Parsing file /system/etc/init/mediaserver.rc...
<14>[    3.730295,0] init: Parsing file /system/etc/init/mtpd.rc...
<14>[    3.731126,0] init: Parsing file /system/etc/init/netd.rc...
<14>[    3.731730,0] init: Parsing file /system/etc/init/perfetto.rc...
<14>[    3.733793,6] init: Parsing file /system/etc/init/perfservice.rc...
<14>[    3.734664,6] init: Parsing file /system/etc/init/racoon.rc...
<14>[    3.735528,6] init: Parsing file /system/etc/init/servicemanager.rc...
<14>[    3.736838,6] init: Parsing file /system/etc/init/statsd.rc...
<14>[    3.737940,6] init: Parsing file /system/etc/init/storaged.rc...
<14>[    3.738929,6] init: Parsing file /system/etc/init/surfaceflinger.rc...
<14>[    3.740139,6] init: Parsing file /system/etc/init/thermalservice.rc...
<14>[    3.753868,6] init: Parsing file /system/etc/init/tombstoned.rc...
<14>[    3.754475,6] init: Parsing file /system/etc/init/uncrypt.rc...
<14>[    3.755109,6] init: Parsing file /system/etc/init/usbd.rc...
<14>[    3.755656,6] init: Parsing file /system/etc/init/vdc.rc...
<14>[    3.756138,6] init: Parsing file /system/etc/init/vold.rc...
<14>[    3.756699,6] init: Parsing file /system/etc/init/wait_for_keymaster.rc...
<14>[    3.757235,6] init: Parsing file /system/etc/init/wifi-events.rc...
<14>[    3.757951,6] init: Parsing file /system/etc/init/wificond.rc...
<14>[    3.758572,6] init: Parsing file /product/etc/init...
<11>[    3.758607,6] init: Unable to read config file '/product/etc/init': open() failed: No such file or directory
<14>[    3.758641,6] init: Parsing file /odm/etc/init...
<11>[    3.758674,6] init: Unable to read config file '/odm/etc/init': open() failed: No such file or directory
<14>[    3.758704,6] init: Parsing directory /vendor/etc/init...
<14>[    3.758910,6] init: Parsing file /vendor/etc/init/android.hardware.audio@2.0-service.rc...
<14>[    3.760244,6] init: Parsing file /vendor/etc/init/android.hardware.biometrics.fingerprint@2.1-service_32.rc...
<14>[    3.760744,6] init: Parsing file /vendor/etc/init/android.hardware.bluetooth@1.0-service-qti.rc...
<14>[    3.761938,6] init: Parsing file /vendor/etc/init/android.hardware.cas@1.0-service.rc...
<14>[    3.762563,6] init: Parsing file /vendor/etc/init/android.hardware.configstore@1.1-service.rc...
<14>[    3.763108,6] init: Parsing file /vendor/etc/init/android.hardware.drm@1.0-service.rc...
<14>[    3.763647,6] init: Parsing file /vendor/etc/init/android.hardware.drm@1.0-service.widevine.rc...
<14>[    3.764139,6] init: Parsing file /vendor/etc/init/android.hardware.drm@1.1-service.clearkey.rc...
<14>[    3.764717,6] init: Parsing file /vendor/etc/init/android.hardware.gatekeeper@1.0-service.rc...
<14>[    3.765242,6] init: Parsing file /vendor/etc/init/android.hardware.graphics.allocator@2.0-service.rc...
<14>[    3.765817,6] init: Parsing file /vendor/etc/init/android.hardware.graphics.composer@2.1-service.rc...
<14>[    3.766394,6] init: Parsing file /vendor/etc/init/android.hardware.health@2.0-service.rc...
<14>[    3.766928,6] init: Parsing file /vendor/etc/init/android.hardware.keymaster@3.0-service.rc...
<14>[    3.767458,6] init: Parsing file /vendor/etc/init/android.hardware.light@2.0-service.athene.rc...
<14>[    3.767998,6] init: Parsing file /vendor/etc/init/android.hardware.media.omx@1.0-service.rc...
<14>[    3.768560,6] init: Parsing file /vendor/etc/init/android.hardware.memtrack@1.0-service.rc...
<14>[    3.769095,6] init: Parsing file /vendor/etc/init/android.hardware.power@1.1-service-qti.rc...
<14>[    3.769624,6] init: Parsing file /vendor/etc/init/android.hardware.secure_element@1.0-service.rc...
<14>[    3.770154,6] init: Parsing file /vendor/etc/init/android.hardware.sensors@1.0-service_moto.rc...
<14>[    3.770744,6] init: Parsing file /vendor/etc/init/android.hardware.usb@1.0-service.basic.rc...
<14>[    3.771291,6] init: Parsing file /vendor/etc/init/android.hardware.vibrator@1.0-service.rc...
<14>[    3.771873,4] init: Parsing file /vendor/etc/init/android.hardware.wifi@1.0-service.rc...
<14>[    3.772430,4] init: Parsing file /vendor/etc/init/com.motorola.hardware.display.panel@1.0-service.rc...
<14>[    3.772982,4] init: Parsing file /vendor/etc/init/hostapd.android.rc...
<14>[    3.773961,4] init: Parsing file /vendor/etc/init/motorola.hardware.audio@2.0-service.rc...
<14>[    3.774610,4] init: Parsing file /vendor/etc/init/motorola.hardware.camera.provider@2.4-service_delayed.rc...
<14>[    3.775233,4] init: Parsing file /vendor/etc/init/motorola.hardware.power@1.0-service.rc...
<14>[    3.775867,4] init: Parsing file /vendor/etc/init/rild.legacy.rc...
<14>[    3.776249,4] init: Parsing file /vendor/etc/init/vendor.qti.gnss@1.0-service.rc...
<14>[    3.776801,4] init: Parsing file /vendor/etc/init/vendor.qti.hardware.alarm@1.0-service.rc...
<14>[    3.777350,4] init: Parsing file /vendor/etc/init/vendor.qti.hardware.iop@2.0-service.rc...
<14>[    3.777911,4] init: Parsing file /vendor/etc/init/vendor.qti.hardware.perf@1.0-service.rc...
<14>[    3.778445,4] init: Parsing file /vendor/etc/init/vendor.qti.hardware.qteeconnector@1.0-service.so...
<14>[    3.778990,4] init: Parsing file /vendor/etc/init/vndservicemanager.rc...
<14>[    3.779680,4] init: processing action (early-init) from (/init.rc:14)
<7>[    3.780995,4] SELinux: initialized (dev cgroup, type cgroup), uses genfs_contexts
<14>[    3.782178,4] init: starting service 'ueventd'...
<14>[    3.783049,4] init: processing action (early-init) from (/vendor/etc/init/hw/init.qcom.rc:31)
<14>[    3.786044,5] ueventd: ueventd started!
<14>[    3.787643,6] init: Command 'mkdir /system 0777 root root' action=early-init (/vendor/etc/init/hw/init.qcom.rc:40) took 0ms and failed: fchmodat() failed: Read-only file system
<14>[    3.788158,0] init: processing action (early-init) from (/vendor/etc/init/hw/init.qcom.power.rc:1)
<14>[    3.788931,5] init: processing action (wait_for_coldboot_done) from (<Builtin Action>:0)
<14>[    3.789246,0] selinux: SELinux: Loaded file_contexts
<14>[    3.789246,0] 
<14>[    3.789458,0] ueventd: Parsing file /ueventd.rc...
<14>[    3.792685,0] ueventd: Parsing file /vendor/ueventd.rc...
<14>[    3.795272,0] ueventd: Parsing file /odm/ueventd.rc...
<11>[    3.795305,0] ueventd: Unable to read config file '/odm/ueventd.rc': open() failed: No such file or directory
<14>[    3.795323,0] ueventd: Parsing file /ueventd.qcom.rc...
<11>[    3.795344,0] ueventd: Unable to read config file '/ueventd.qcom.rc': open() failed: No such file or directory
<14>[    4.020313,0] ueventd: Coldboot took 0.223 seconds
<14>[    4.025212,7] init: wait for '/dev/.coldboot_done' took 236ms
<14>[    4.025374,7] init: Command 'wait_for_coldboot_done' action=wait_for_coldboot_done (<Builtin Action>:0) took 236ms and succeeded
<14>[    4.025711,0] init: processing action (MixHwrngIntoLinuxRng) from (<Builtin Action>:0)
<14>[    4.025772,0] init: /dev/hw_random not found
<14>[    4.025800,0] init: processing action (SetMmapRndBits) from (<Builtin Action>:0)
<14>[    4.026418,0] init: processing action (SetKptrRestrict) from (<Builtin Action>:0)
<14>[    4.026595,0] init: processing action (keychord_init) from (<Builtin Action>:0)
<6>[    4.026652,0] keychord: using input dev sensorprocessor for fevent
<6>[    4.026660,0] keychord: using input dev synaptics_dsx_i2c for fevent
<6>[    4.026678,0] keychord: using input dev qwerty for fevent
<6>[    4.026684,0] keychord: using input dev qpnp_pon for fevent
<6>[    4.026702,0] input input7: gpio-keys report volume_up [0x73] type 0x1 state Off
<6>[    4.026707,0] keychord: using input dev gpio-keys for fevent
<14>[    4.026740,0] init: processing action (console_init) from (<Builtin Action>:0)
<14>[    4.026784,0] init: processing action (init) from (/init.rc:41)
<14>[    4.027411,0] init: Command 'copy /default.prop /dev/urandom' action=init (/init.rc:47) took 0ms and failed: Could not read input file '/default.prop': open() failed: Too many symbolic links encountered
<7>[    4.034921,0] SELinux: initialized (dev cgroup, type cgroup), uses genfs_contexts
<7>[    4.035664,0] SELinux: initialized (dev cgroup, type cgroup), uses genfs_contexts
<14>[    4.040154,0] init: Command 'mount cgroup2 cg2_bpf /dev/cg2_bpf nodev noexec nosuid' action=init (/init.rc:226) took 0ms and failed: mount() failed: No such device
<6>[    4.053780,0] pstore: Found record type 0, psi name ramoops
<6>[    4.054000,0] pstore: Found record type 2, psi name ramoops
<6>[    4.054010,0] persistent_ram_annotation_merge: merged 63
<6>[    4.054037,0] pstore: Found record type 5, psi name ramoops
<7>[    4.054076,0] SELinux: initialized (dev pstore, type pstore), uses genfs_contexts
<14>[    4.055144,0] init: processing action (init) from (/init.environ.rc:2)
<14>[    4.055222,0] init: processing action (init) from (/vendor/etc/init/hw/init.qcom.rc:44)
<14>[    4.055845,0] init: Command 'mount pstore pstore /sys/fs/pstore' action=init (/vendor/etc/init/hw/init.qcom.rc:51) took 0ms and failed: mount() failed: Device or resource busy
<14>[    4.057330,0] init: processing action (init) from (/vendor/etc/init/hw/init.mmi.usb.rc:28)
<14>[    4.057583,0] init: processing action (init) from (/system/etc/init/init.arrow.rc:3)
<14>[    4.058666,0] init: processing action (StartBoringSslSelfTest) from (<Builtin Action>:0)
<14>[    4.059224,0] init: processing action (MixHwrngIntoLinuxRng) from (<Builtin Action>:0)
<14>[    4.059265,0] init: /dev/hw_random not found
<14>[    4.059310,0] init: processing action (late-init) from (/init.rc:279)
<14>[    4.059377,0] init: processing action (late-init) from (/system/etc/init/atrace.rc:3)
<14>[    4.062167,0] init: processing action (queue_property_triggers) from (<Builtin Action>:0)
<14>[    4.062225,0] init: processing action (fs) from (/vendor/etc/init/hw/init.qcom.rc:316)
<14>[    4.062460,0] init: wait for '/dev/block/platform/soc.0/7824900.sdhci' took 0ms
<14>[    4.076193,0] init: [libfs_mgr]superblock s_max_mnt_count:10,/dev/block/bootdevice/by-name/cache
<4>[    4.080395,0] EXT4-fs (mmcblk0p46): Ignoring removed nomblk_io_submit option
<4>[    4.082939,0] EXT4-fs (mmcblk0p46): warning: maximal mount count reached, running e2fsck is recommended
<6>[    4.083254,0] EXT4-fs (mmcblk0p46): mounted filesystem with ordered data mode. Opts: errors=remount-ro,nomblk_io_submit
<7>[    4.083271,0] SELinux: initialized (dev mmcblk0p46, type ext4), uses xattr
<14>[    4.083406,0] init: [libfs_mgr]check_fs(): mount(/dev/block/bootdevice/by-name/cache,/cache,ext4)=0: Success
<14>[    4.083955,6] init: [libfs_mgr]check_fs(): unmount(/cache) succeeded
<14>[    4.084755,0] init: [libfs_mgr]Running /system/bin/e2fsck on /dev/block/bootdevice/by-name/cache
<14>[    4.188185,0] e2fsck: e2fsck 1.43.3 (04-Sep-2016)
<14>[    4.188185,0] 
<14>[    4.188216,0] e2fsck: /dev/block/bootdevice/by-name/cache has been mounted 12 times without being checked, check forced.
<14>[    4.188216,0] 
<14>[    4.188227,0] e2fsck: Pass 1: Checking inodes, blocks, and sizes
<14>[    4.188227,0] 
<14>[    4.188236,0] e2fsck: Pass 2: Checking directory structure
<14>[    4.188236,0] 
<14>[    4.188245,0] e2fsck: Pass 3: Checking directory connectivity
<14>[    4.188245,0] 
<14>[    4.188254,0] e2fsck: Pass 4: Checking reference counts
<14>[    4.188254,0] 
<14>[    4.188263,0] e2fsck: Pass 5: Checking group summary information
<14>[    4.188263,0] 
<14>[    4.188273,0] e2fsck: /dev/block/bootdevice/by-name/cache: 22/16384 files (4.5% non-contiguous), 2919/65536 blocks
<14>[    4.188273,0] 
<6>[    4.190607,0] EXT4-fs (mmcblk0p46): mounted filesystem with ordered data mode. Opts: barrier=1,data=ordered
<7>[    4.190626,0] SELinux: initialized (dev mmcblk0p46, type ext4), uses xattr
<14>[    4.190726,0] init: [libfs_mgr]__mount(source=/dev/block/bootdevice/by-name/cache,target=/cache,type=ext4)=0: Success
<14>[    4.191336,0] init: [libfs_mgr]superblock s_max_mnt_count:65535,/dev/block/bootdevice/by-name/fsg
<6>[    4.193525,0] EXT4-fs (mmcblk0p16): mounted filesystem without journal. Opts: barrier=0
<7>[    4.193546,0] SELinux: initialized (dev mmcblk0p16, type ext4), uses xattr
<14>[    4.193611,0] init: [libfs_mgr]__mount(source=/dev/block/bootdevice/by-name/fsg,target=/fsg,type=ext4)=0: Success
<14>[    4.194577,0] init: [libfs_mgr]superblock s_max_mnt_count:10,/dev/block/bootdevice/by-name/modem
<6>[    4.197986,0] EXT4-fs (mmcblk0p1): barriers disabled
<6>[    4.198938,0] EXT4-fs (mmcblk0p1): mounted filesystem with ordered data mode. Opts: barrier=0
<7>[    4.198958,0] SELinux: initialized (dev mmcblk0p1, type ext4), uses xattr
<14>[    4.199020,0] init: [libfs_mgr]__mount(source=/dev/block/bootdevice/by-name/modem,target=/firmware,type=ext4)=0: Success
<14>[    4.200036,0] init: [libfs_mgr]superblock s_max_mnt_count:65535,/dev/block/bootdevice/by-name/persist
<7>[    4.203632,0] SELinux: initialized (dev mmcblk0p30, type ext4), uses xattr
<6>[    4.203666,0] SELinux:  Context u:object_r:persist_file:s0 is not valid (left unmapped).
<14>[    4.203733,0] init: [libfs_mgr]__mount(source=/dev/block/bootdevice/by-name/persist,target=/mnt/vendor/persist,type=ext4)=0: Success
<14>[    4.203895,0] init: [libfs_mgr]__mount(source=/mnt/vendor/persist,target=/persist,type=none)=0: Success
<14>[    4.204391,0] init: Parsing file /product/etc/init...
<11>[    4.204424,0] init: Unable to read config file '/product/etc/init': open() failed: No such file or directory
<14>[    4.204450,0] init: Parsing file /odm/etc/init...
<11>[    4.204474,0] init: Unable to read config file '/odm/etc/init': open() failed: No such file or directory
<14>[    4.204521,0] init: Command 'mount_all ./vendor/etc/fstab.qcom --early' action=fs (/vendor/etc/init/hw/init.qcom.rc:320) took 140ms and succeeded
<14>[    4.204620,0] init: Untracked pid 330 exited with status 0
<14>[    4.204779,0] init: wait for '/dev/block/bootdevice/by-name/dsp' took 0ms
<7>[    4.211170,0] SELinux: initialized (dev mmcblk0p12, type ext4), uses xattr
<6>[    4.211201,0] SELinux:  Context u:object_r:adsprpcd_file:s0 is not valid (left unmapped).
<6>[    4.212294,0] SELinux:  Context u:object_r:persist_drm_file:s0 is not valid (left unmapped).
<14>[    4.214242,0] init: wait for '/dev/block/bootdevice/by-name/hw' took 0ms
<11>[    4.215146,0] init: File /vendor/etc/init.oem.hw.sh(labeled "u:object_r:vendor_configs_file:s0") has incorrect label or no domain transition from u:r:init:s0 to another SELinux domain defined. Have you configured your service correctly? https://source.android.com/security/selinux/device-policy#label_new_services_and_address_denials
<14>[    4.215165,0] init: starting service 'vendor.oem-hw-sh'...
<11>[    4.215799,4] init: cannot execve('/vendor/etc/init.oem.hw.sh'): Permission denied
<14>[    4.215916,0] init: processing action (fs) from (/vendor/etc/init/hw/init.mmi.usb.rc:56)
<14>[    4.216601,0] init: Service 'vendor.oem-hw-sh' (pid 344) exited with status 127
<7>[    4.217250,0] SELinux: initialized (dev functionfs, type functionfs), uses genfs_contexts
<14>[    4.217799,0] init: processing action (fs) from (/system/etc/init/logd.rc:18)
<14>[    4.218088,0] init: processing action (fs) from (/system/etc/init/wifi-events.rc:17)
<14>[    4.218154,0] init: processing action (post-fs) from (/init.rc:312)
<11>[    4.221571,0] init: Unable to set property 'ro.com.google.clientidbase' to 'android-motorola' in property file '/system/build.prop': Read-only property was already set
<12>[    4.223026,0] init: Couldn't load property file '/odm/build.prop': open() failed: No such file or directory: No such file or directory
<11>[    4.224352,0] init: Unable to set property 'ro.com.android.dataroaming' to 'true' in property file '/vendor/build.prop': Read-only property was already set
<11>[    4.224385,0] init: Unable to set property 'ro.carrier' to 'unknown' in property file '/vendor/build.prop': Read-only property was already set
<11>[    4.224467,0] init: Unable to set property 'ro.dalvik.vm.native.bridge' to '0' in property file '/vendor/build.prop': Read-only property was already set
<11>[    4.224605,0] init: Unable to set property 'ro.config.ringtone' to 'Zen_too.ogg,Dione.ogg' in property file '/vendor/build.prop': Read-only property was already set
<11>[    4.224634,0] init: Unable to set property 'ro.config.notification_sound' to 'Chime.ogg' in property file '/vendor/build.prop': Read-only property was already set
<11>[    4.224660,0] init: Unable to set property 'ro.config.alarm_alert' to 'Alarm_Classic.ogg' in property file '/vendor/build.prop': Read-only property was already set
<11>[    4.224782,0] init: Unable to set property 'ro.audio.offload_wakelock' to 'false' in property file '/vendor/build.prop': Read-only property was already set
<11>[    4.224999,0] init: Unable to set property 'ro.config.vc_call_vol_steps' to '7' in property file '/vendor/build.prop': Read-only property was already set
<11>[    4.225027,0] init: Unable to set property 'ro.config.media_vol_steps' to '25' in property file '/vendor/build.prop': Read-only property was already set
<11>[    4.225054,0] init: Unable to set property 'ro.qc.sdk.audio.ssr' to 'false' in property file '/vendor/build.prop': Read-only property was already set
<11>[    4.225081,0] init: Unable to set property 'ro.qc.sdk.audio.fluencetype' to 'none' in property file '/vendor/build.prop': Read-only property was already set
<11>[    4.225364,0] init: Unable to set property 'ro.bluetooth.hfp.ver' to '1.7' in property file '/vendor/build.prop': Read-only property was already set
<11>[    4.225392,0] init: Unable to set property 'ro.qualcomm.bt.hci_transport' to 'smd' in property file '/vendor/build.prop': Read-only property was already set
<11>[    4.225431,0] init: Unable to set property 'ro.qualcomm.cabl' to '0' in property file '/vendor/build.prop': Read-only property was already set
<11>[    4.225732,0] init: Unable to set property 'ro.sys.fw.dex2oat_thread_count' to '4' in property file '/vendor/build.prop': Read-only property was already set
<11>[    4.225903,0] init: Unable to set property 'ro.opengles.version' to '196610' in property file '/vendor/build.prop': Read-only property was already set
<11>[    4.225930,0] init: Unable to set property 'ro.sf.lcd_density' to '480' in property file '/vendor/build.prop': Read-only property was already set
<11>[    4.225980,0] init: Unable to set property 'ro.fm.transmitter' to 'false' in property file '/vendor/build.prop': Read-only property was already set
<11>[    4.226158,0] init: Unable to set property 'ro.media.enc.aud.fileformat' to 'qcp' in property file '/vendor/build.prop': Read-only property was already set
<11>[    4.226185,0] init: Unable to set property 'ro.media.enc.aud.codec' to 'qcelp' in property file '/vendor/build.prop': Read-only property was already set
<11>[    4.226212,0] init: Unable to set property 'ro.media.enc.aud.bps' to '13300' in property file '/vendor/build.prop': Read-only property was already set
<11>[    4.226238,0] init: Unable to set property 'ro.media.enc.aud.ch' to '1' in property file '/vendor/build.prop': Read-only property was already set
<11>[    4.226264,0] init: Unable to set property 'ro.media.enc.aud.hz' to '8000' in property file '/vendor/build.prop': Read-only property was already set
<11>[    4.226418,0] init: Unable to set property 'ro.vendor.gt_library' to 'libqti-gt.so' in property file '/vendor/build.prop': Read-only property was already set
<11>[    4.226444,0] init: Unable to set property 'ro.vendor.at_library' to 'libqti-at.so' in property file '/vendor/build.prop': Read-only property was already set
<11>[    4.226472,0] init: Unable to set property 'ro.vendor.extension_library' to 'libqti-perfd-client.so' in property file '/vendor/build.prop': Read-only property was already set
<11>[    4.226521,0] init: Unable to set property 'ro.com.google.clientidbase' to 'android-motorola' in property file '/vendor/build.prop': Read-only property was already set
<11>[    4.226548,0] init: Unable to set property 'ro.com.google.clientidbase.ms' to 'android-motorola' in property file '/vendor/build.prop': Read-only property was already set
<11>[    4.226576,0] init: Unable to set property 'ro.com.google.clientidbase.am' to 'android-motorola' in property file '/vendor/build.prop': Read-only property was already set
<11>[    4.226603,0] init: Unable to set property 'ro.com.google.clientidbase.gmm' to 'android-motorola' in property file '/vendor/build.prop': Read-only property was already set
<11>[    4.226631,0] init: Unable to set property 'ro.com.google.clientidbase.yt' to 'android-motorola' in property file '/vendor/build.prop': Read-only property was already set
<11>[    4.227276,0] init: Unable to set property 'ro.telephony.call_ring.multiple' to 'false' in property file '/vendor/build.prop': Read-only property was already set
<11>[    4.227590,0] init: Unable to set property 'ro.vendor.use_data_netmgrd' to 'true' in property file '/vendor/build.prop': Read-only property was already set
<11>[    4.227665,0] init: Unable to set property 'ro.vendor.qti.sys.fw.use_trim_settings' to 'true' in property file '/vendor/build.prop': Read-only property was already set
<11>[    4.227693,0] init: Unable to set property 'ro.vendor.qti.sys.fw.empty_app_percent' to '50' in property file '/vendor/build.prop': Read-only property was already set
<11>[    4.227721,0] init: Unable to set property 'ro.vendor.qti.sys.fw.trim_empty_percent' to '100' in property file '/vendor/build.prop': Read-only property was already set
<11>[    4.227748,0] init: Unable to set property 'ro.vendor.qti.sys.fw.trim_cache_percent' to '100' in property file '/vendor/build.prop': Read-only property was already set
<11>[    4.227820,0] init: Unable to set property 'ro.vendor.qti.sys.fw.trim_enable_memory' to '2147483648' in property file '/vendor/build.prop': Read-only property was already set
<11>[    4.227846,0] init: Unable to set property 'ro.usb.mtp' to '2e82' in property file '/vendor/build.prop': Read-only property was already set
<11>[    4.227872,0] init: Unable to set property 'ro.usb.mtp_adb' to '2e76' in property file '/vendor/build.prop': Read-only property was already set
<11>[    4.227898,0] init: Unable to set property 'ro.usb.ptp' to '2e83' in property file '/vendor/build.prop': Read-only property was already set
<11>[    4.227924,0] init: Unable to set property 'ro.usb.ptp_adb' to '2e84' in property file '/vendor/build.prop': Read-only property was already set
<11>[    4.227949,0] init: Unable to set property 'ro.usb.bpt' to '2ec1' in property file '/vendor/build.prop': Read-only property was already set
<11>[    4.227975,0] init: Unable to set property 'ro.usb.bpt_adb' to '2ec5' in property file '/vendor/build.prop': Read-only property was already set
<11>[    4.228000,0] init: Unable to set property 'ro.usb.bpteth' to '2ec3' in property file '/vendor/build.prop': Read-only property was already set
<11>[    4.228026,0] init: Unable to set property 'ro.usb.bpteth_adb' to '2ec6' in property file '/vendor/build.prop': Read-only property was already set
<11>[    4.228087,0] init: Unable to set property 'ro.vendor.qti.config.zram' to 'true' in property file '/vendor/build.prop': Read-only property was already set
<11>[    4.228114,0] init: Unable to set property 'ro.config.max_starting_bg' to '8' in property file '/vendor/build.prop': Read-only property was already set
<11>[    4.228142,0] init: Unable to set property 'ro.sys.fw.bservice_enable' to 'true' in property file '/vendor/build.prop': Read-only property was already set
<11>[    4.228168,0] init: Unable to set property 'ro.cutoff_voltage_mv' to '3200' in property file '/vendor/build.prop': Read-only property was already set
<11>[    4.228196,0] init: Unable to set property 'ro.build.version.qcom' to 'LA.BR.1.3.7-04410-8976.0' in property file '/vendor/build.prop': Read-only property was already set
<11>[    4.228223,0] init: Unable to set property 'ro.mot.build.customerid' to 'retail' in property file '/vendor/build.prop': Read-only property was already set
<11>[    4.228251,0] init: Unable to set property 'ro.mot.build.version.sdk_int' to '28' in property file '/vendor/build.prop': Read-only property was already set
<11>[    4.228278,0] init: Unable to set property 'ro.mot.build.product.increment' to '11' in property file '/vendor/build.prop': Read-only property was already set
<11>[    4.228305,0] init: Unable to set property 'ro.mot.build.version.release' to '28.11' in property file '/vendor/build.prop': Read-only property was already set
<11>[    4.228332,0] init: Unable to set property 'ro.mot.ignore_csim_appid' to 'true' in property file '/vendor/build.prop': Read-only property was already set
<12>[    4.228401,0] init: Couldn't load property file '/factory/factory.prop': open() failed: No such file or directory: No such file or directory
<14>[    4.230614,0] init: starting service 'logd'...
<14>[    4.231526,0] init: starting service 'servicemanager'...
<14>[    4.231724,4] init: Created socket '/dev/socket/logd', mode 666, user 1036, group 1036
<14>[    4.232144,4] init: Created socket '/dev/socket/logdr', mode 666, user 1036, group 1036
<14>[    4.232606,5] init: starting service 'hwservicemanager'...
<14>[    4.232676,4] init: Created socket '/dev/socket/logdw', mode 222, user 1036, group 1036
<14>[    4.232813,4] init: Opened file '/proc/kmsg', flags 0
<14>[    4.232852,4] init: Opened file '/dev/kmsg', flags 1
<14>[    4.234766,0] init: starting service 'vndservicemanager'...
<14>[    4.238263,4] selinux: SELinux: Skipping restorecon_recursive(/cache)
<14>[    4.238263,4] 
<11>[    4.242818,5] selinux: SELinux:  Could not stat /metadata: No such file or directory.
<11>[    4.242818,5] 
<14>[    4.243272,5] init: processing action (post-fs) from (/vendor/etc/init/hw/init.qcom.rc:337)
